Component: ARM Compiler 5.06 update 7 (build 960) Tool: armlink [4d3601]

==============================================================================

Section Cross References

    api_quaternion.o(i.QuaternionEKF_A_Update) refers to rt_memclr_w.o(.text) for __aeabi_memclr4
    api_quaternion.o(i.QuaternionEKF_A_Update) refers to api_quaternion.o(i.Fast_InverseSqrt) for Fast_InverseSqrt
    api_quaternion.o(i.QuaternionEKF_ChiSqrtTest) refers to arm_mat_mult_f32.o(.text) for arm_mat_mult_f32
    api_quaternion.o(i.QuaternionEKF_ChiSqrtTest) refers to arm_mat_trans_f32.o(.text) for arm_mat_trans_f32
    api_quaternion.o(i.QuaternionEKF_ChiSqrtTest) refers to rt_memcpy_w.o(.text) for __aeabi_memcpy4
    api_quaternion.o(i.QuaternionEKF_H_Update) refers to rt_memclr_w.o(.text) for __aeabi_memclr4
    api_quaternion.o(i.QuaternionEKF_Init) refers to kalman.o(i.Kalman_Filter_Init) for Kalman_Filter_Init
    api_quaternion.o(i.QuaternionEKF_Init) refers to rt_memcpy_w.o(.text) for __aeabi_memcpy4
    api_quaternion.o(i.QuaternionEKF_Init) refers to api_quaternion.o(i.QuaternionEKF_A_Update) for QuaternionEKF_A_Update
    api_quaternion.o(i.QuaternionEKF_Init) refers to api_quaternion.o(i.QuaternionEKF_H_Update) for QuaternionEKF_H_Update
    api_quaternion.o(i.QuaternionEKF_Init) refers to api_quaternion.o(i.QuaternionEKF_xhat_Update) for QuaternionEKF_xhat_Update
    api_quaternion.o(i.QuaternionEKF_Update) refers to api_quaternion.o(i.Fast_InverseSqrt) for Fast_InverseSqrt
    api_quaternion.o(i.QuaternionEKF_Update) refers to rt_memcpy_w.o(.text) for __aeabi_memcpy4
    api_quaternion.o(i.QuaternionEKF_Update) refers to kalman.o(i.Kalman_Filter_Update) for Kalman_Filter_Update
    api_quaternion.o(i.QuaternionEKF_Update) refers to atan2f.o(i.__hardfp_atan2f) for __hardfp_atan2f
    api_quaternion.o(i.QuaternionEKF_Update) refers to asinf.o(i.__hardfp_asinf) for __hardfp_asinf
    api_quaternion.o(i.QuaternionEKF_xhat_Update) refers to arm_mat_trans_f32.o(.text) for arm_mat_trans_f32
    api_quaternion.o(i.QuaternionEKF_xhat_Update) refers to arm_mat_mult_f32.o(.text) for arm_mat_mult_f32
    api_quaternion.o(i.QuaternionEKF_xhat_Update) refers to arm_mat_add_f32.o(.text) for arm_mat_add_f32
    api_quaternion.o(i.QuaternionEKF_xhat_Update) refers to arm_mat_inverse_f32.o(.text) for arm_mat_inverse_f32
    api_quaternion.o(i.QuaternionEKF_xhat_Update) refers to acosf.o(i.__hardfp_acosf) for __hardfp_acosf
    api_quaternion.o(i.QuaternionEKF_xhat_Update) refers to arm_mat_sub_f32.o(.text) for arm_mat_sub_f32
    api_quaternion.o(i.QuaternionEKF_xhat_Update) refers to api_quaternion.o(i.QuaternionEKF_ChiSqrtTest) for QuaternionEKF_ChiSqrtTest
    api_trajectory.o(i.SolveTrajectory_Transform) refers to f2d.o(x$fpl$f2d) for __aeabi_f2d
    api_trajectory.o(i.SolveTrajectory_Transform) refers to cos.o(i.__hardfp_cos) for __hardfp_cos
    api_trajectory.o(i.SolveTrajectory_Transform) refers to dmul_clz.o(x$fpl$dmul) for __aeabi_dmul
    api_trajectory.o(i.SolveTrajectory_Transform) refers to daddsub_clz.o(x$fpl$dsub) for __aeabi_dsub
    api_trajectory.o(i.SolveTrajectory_Transform) refers to d2f_clz.o(x$fpl$d2f) for __aeabi_d2f
    api_trajectory.o(i.SolveTrajectory_Transform) refers to sin.o(i.__hardfp_sin) for __hardfp_sin
    api_trajectory.o(i.SolveTrajectory_Transform) refers to fabs.o(i.__hardfp_fabs) for __hardfp_fabs
    api_trajectory.o(i.SolveTrajectory_Transform) refers to ddiv_clz.o(x$fpl$ddiv) for __aeabi_ddiv
    api_trajectory.o(i.SolveTrajectory_Transform) refers to api_trajectory.o(i.Trajectory_Picth_Update) for Trajectory_Picth_Update
    api_trajectory.o(i.SolveTrajectory_Transform) refers to atan2.o(i.__hardfp_atan2) for __hardfp_atan2
    api_trajectory.o(i.Trajectory_BulletModel) refers to f2d.o(x$fpl$f2d) for __aeabi_f2d
    api_trajectory.o(i.Trajectory_BulletModel) refers to cos.o(i.__hardfp_cos) for __hardfp_cos
    api_trajectory.o(i.Trajectory_BulletModel) refers to dmul_clz.o(x$fpl$dmul) for __aeabi_dmul
    api_trajectory.o(i.Trajectory_BulletModel) refers to exp.o(i.__hardfp_exp) for __hardfp_exp
    api_trajectory.o(i.Trajectory_BulletModel) refers to daddsub_clz.o(x$fpl$dsub) for __aeabi_dsub
    api_trajectory.o(i.Trajectory_BulletModel) refers to ddiv_clz.o(x$fpl$ddiv) for __aeabi_ddiv
    api_trajectory.o(i.Trajectory_BulletModel) refers to d2f_clz.o(x$fpl$d2f) for __aeabi_d2f
    api_trajectory.o(i.Trajectory_BulletModel) refers to arm_sin_f32.o(.text) for arm_sin_f32
    api_trajectory.o(i.Trajectory_Picth_Update) refers to f2d.o(x$fpl$f2d) for __aeabi_f2d
    api_trajectory.o(i.Trajectory_Picth_Update) refers to atan2.o(i.__hardfp_atan2) for __hardfp_atan2
    api_trajectory.o(i.Trajectory_Picth_Update) refers to d2f_clz.o(x$fpl$d2f) for __aeabi_d2f
    api_trajectory.o(i.Trajectory_Picth_Update) refers to api_trajectory.o(i.Trajectory_BulletModel) for Trajectory_BulletModel
[...]
    __fpl_drenorm2                           0x0800db37   Thumb Code   106  drenorm_clz.o(x$fpl$drenorm)
    __fpl_drenorm1                           0x0800dba1   Thumb Code     6  drenorm_clz.o(x$fpl$drenorm)
    __fpl_dretinf                            0x0800dba7   Thumb Code    12  dretinf.o(x$fpl$dretinf)
    __aeabi_cdrcmple                         0x0800dbb3   Thumb Code     0  drleqf.o(x$fpl$drleqf)
    _drcmple                                 0x0800dbb3   Thumb Code    98  drleqf.o(x$fpl$drleqf)
    __aeabi_drsub                            0x0800dc15   Thumb Code     0  daddsub_clz.o(x$fpl$drsb)
    _drsb                                    0x0800dc15   Thumb Code    74  daddsub_clz.o(x$fpl$drsb)
    __aeabi_dsub                             0x0800dc65   Thumb Code     0  daddsub_clz.o(x$fpl$dsub)
    _dsub                                    0x0800dc65   Thumb Code   664  daddsub_clz.o(x$fpl$dsub)
    __dunder                                 0x0800df01   Thumb Code   314  dunder_clz.o(x$fpl$dunder)
    __dunder_d                               0x0800e03b   Thumb Code    64  dunder_clz.o(x$fpl$dunder)
    __fpl_exception                          0x0800e07d   Thumb Code   454  except.o(x$fpl$exception)
    __aeabi_f2d                              0x0800e269   Thumb Code     0  f2d.o(x$fpl$f2d)
    _f2d                                     0x0800e269   Thumb Code   122  f2d.o(x$fpl$f2d)
    __fpl_fnaninf                            0x0800e2e3   Thumb Code   242  fnaninf.o(x$fpl$fnaninf)
    _fp_init                                 0x0800e3d5   Thumb Code    10  fpinit.o(x$fpl$fpinit)
    __fplib_config_fpu_vfp                   0x0800e3dd   Thumb Code     0  fpinit.o(x$fpl$fpinit)
    __fplib_config_pureend_doubles           0x0800e3dd   Thumb Code     0  fpinit.o(x$fpl$fpinit)
    __fpl_fretinf                            0x0800e3df   Thumb Code    10  fretinf.o(x$fpl$fretinf)
    __funder                                 0x0800e3e9   Thumb Code   254  funder_clz.o(x$fpl$funder)
    __funder_d                               0x0800e4e7   Thumb Code    62  funder_clz.o(x$fpl$funder)
    __fpl_return_NaN                         0x0800e525   Thumb Code   178  retnan.o(x$fpl$retnan)
    _fp_trapveneer                           0x0800e5d7   Thumb Code    36  trapv.o(x$fpl$trapveneer)
    __fpl_cmpreturn                          0x0800e5fb   Thumb Code    90  trapv.o(x$fpl$trapveneer)
    CRC8_table                               0x0800e654   Data         256  crc.o(.constdata)
    __I$use$fp                               0x0800e654   Number         0  usenofp.o(x$fpl$usenofp)
    wCRC_table                               0x0800e754   Data         512  crc.o(.constdata)
    AHBPrescTable                            0x0800e9e0   Data          16  system_stm32f4xx.o(.constdata)
    APBPrescTable                            0x0800e9f0   Data           8  system_stm32f4xx.o(.constdata)
    sinTable_f32                             0x0800ea00   Data        2052  arm_common_tables.o(.constdata)
    __mathlib_zero                           0x0800f328   Data           8  qnan.o(.constdata)
    Region$$Table$$Base                      0x0800f470   Number         0  anon$$obj.o(Region$$Table)
    Region$$Table$$Limit                     0x0800f490   Number         0  anon$$obj.o(Region$$Table)
    IF_Shoot_Accept                          0x20000000   Data           1  can_task.o(.data)
    IF_Vision_Test                           0x20000004   Data           1  control_task.o(.data)
    Control_Info                             0x20000008   Data          96  control_task.o(.data)
    Gimbal_PID_Param                         0x20000068   Data          96  control_task.o(.data)
    Shoot_PID_Param                          0x200000c8   Data          72  control_task.o(.data)
    Cover_PWM_Compare                        0x20000110   Data           2  detect_task.o(.data)
    SolveTrajectory                          0x20000258   Data         140  vision_task.o(.data)
    Vision_Info                              0x200002e4   Data          20  vision_task.o(.data)
    CRC16_INIT                               0x20000334   Data           2  crc.o(.data)
    HALTick                                  0x20000364   Data           4  minipc.o(.data)
    last_HALTick                             0x20000368   Data           4  minipc.o(.data)
    Diff_HALTick                             0x2000036c   Data           4  minipc.o(.data)
    MiniPC_ReceivePacket                     0x20000370   Data          48  minipc.o(.data)
    MiniPC_SendPacket                        0x200003a0   Data          28  minipc.o(.data)
    DJI_Motor                                0x200003bc   Data         200  motor.o(.data)
    remote_ctrl                              0x20000486   Data          24  remote_control.o(.data)
    StartINSTaskHandle                       0x200004a0   Data           4  freertos.o(.data)
    StartVisionTaskHandle                    0x200004a4   Data           4  freertos.o(.data)
    StartDetectTaskHandle                    0x200004a8   Data           4  freertos.o(.data)
    StartControlTasHandle                    0x200004ac   Data           4  freertos.o(.data)
    StartCANTaskHandle                       0x200004b0   Data           4  freertos.o(.data)
    SystemCoreClock                          0x200004b8   Data           4  system_stm32f4xx.o(.data)
    pxCurrentTCB                             0x200004bc   Data           4  tasks.o(.data)
    uwTickFreq                               0x20000524   Data           1  stm32f4xx_hal.o(.data)
    uwTickPrio                               0x20000528   Data           4  stm32f4xx_hal.o(.data)
    uwTick                                   0x2000052c   Data           4  stm32f4xx_hal.o(.data)
    FS_Desc                                  0x20000530   Data          28  usbd_desc.o(.data)
    USBD_LangIDDesc                          0x2000054c   Data           4  usbd_desc.o(.data)
    USBD_FS_DeviceDesc                       0x20000550   Data          18  usbd_desc.o(.data)
    USBD_StringSerial                        0x20000564   Data          26  usbd_desc.o(.data)
    USBD_Interface_fops_FS                   0x20000580   Data          20  usbd_cdc_if.o(.data)
    USBD_CDC                                 0x200005ec   Data          56  usbd_cdc.o(.data)
    MotorCAN_FramInfo                        0x20000624   Data          32  can_task.o(.bss)
    Gimbal_PID                               0x20000644   Data         320  control_task.o(.bss)
    Shooter_PID                              0x20000784   Data         320  control_task.o(.bss)
    INS_Info                                 0x200008c4   Data          72  ins_task.o(.bss)
    INS_AcceLPF2p                            0x2000090c   Data          96  ins_task.o(.bss)
    TempCtrl_PID                             0x2000096c   Data          80  ins_task.o(.bss)
    Quaternion_Info                          0x200009bc   Data         420  ins_task.o(.bss)
    BMI088_Info                              0x20000b7c   Data          60  bmi088.o(.bss)
    MiniPC_SendBuf                           0x20000bb8   Data          28  minipc.o(.bss)
    Referee_Info                             0x20000bd4   Data          59  referee_info.o(.bss)
    SBUS_MultiRx_Buf                         0x20000c0f   Data          72  remote_control.o(.bss)
    hcan1                                    0x20001118   Data          40  can.o(.bss)
    hcan2                                    0x20001140   Data          40  can.o(.bss)
    hspi1                                    0x20001168   Data          88  spi.o(.bss)
    htim1                                    0x200011c0   Data          72  tim.o(.bss)
    htim4                                    0x20001208   Data          72  tim.o(.bss)
    htim10                                   0x20001250   Data          72  tim.o(.bss)
    huart3                                   0x20001298   Data          68  usart.o(.bss)
    hdma_usart3_rx                           0x200012dc   Data          96  usart.o(.bss)
    htim2                                    0x2000133c   Data          72  stm32f4xx_hal_timebase_tim.o(.bss)
    hUsbDeviceFS                             0x20007474   Data         732  usb_device.o(.bss)
    USBD_StrDesc                             0x20007750   Data         512  usbd_desc.o(.bss)
    UserRxBufferFS                           0x20007950   Data        2048  usbd_cdc_if.o(.bss)
    UserTxBufferFS                           0x20008150   Data        2048  usbd_cdc_if.o(.bss)
    hpcd_USB_OTG_FS                          0x20008b70   Data        1292  usbd_conf.o(.bss)
    __libspace_start                         0x2000907c   Data          96  libspace.o(.bss)
    __temporary_stack_top$libspace           0x200090dc   Data           0  libspace.o(.bss)



==============================================================================

Memory Map of the image

  Image Entry point : 0x08000189

  Load Region LR_IROM1 (Base: 0x08000000, Size: 0x0000fab4, Max: 0x00100000, ABSOLUTE, COMPRESSED[0x0000f654])

    Execution Region ER_IROM1 (Exec base: 0x08000000, Load base: 0x08000000, Size: 0x0000f490, Max: 0x00100000, ABSOLUTE)

    Exec Addr    Load Addr    Size         Type   Attr      Idx    E Section Name        Object

    0x08000000   0x08000000   0x00000188   Data   RO         1966    RESET               startup_stm32f407xx.o
    0x08000188   0x08000188   0x00000008   Code   RO         8221  * !!!main             c_w.l(__main.o)
    0x08000190   0x08000190   0x00000034   Code   RO         8707    !!!scatter          c_w.l(__scatter.o)
    0x080001c4   0x080001c4   0x0000005a   Code   RO         8705    !!dczerorl2         c_w.l(__dczerorl2.o)
    0x0800021e   0x0800021e   0x00000002   PAD
    0x08000220   0x08000220   0x0000001c   Code   RO         8709    !!handler_zi        c_w.l(__scatter_zi.o)
    0x0800023c   0x0800023c   0x00000002   Code   RO         8642    .ARM.Collect$$libinit$$00000000  c_w.l(libinit.o)
    0x0800023e   0x0800023e   0x00000004   Code   RO         8395    .ARM.Collect$$libinit$$00000001  c_w.l(libinit2.o)
    0x08000242   0x08000242   0x00000000   Code   RO         8398    .ARM.Collect$$libinit$$00000004  c_w.l(libinit2.o)
    0x08000242   0x08000242   0x00000008   Code   RO         8399    .ARM.Collect$$libinit$$00000005  c_w.l(libinit2.o)
    0x0800024a   0x0800024a   0x00000000   Code   RO         8401    .ARM.Collect$$libinit$$0000000A  c_w.l(libinit2.o)
    0x0800024a   0x0800024a   0x00000000   Code   RO         8403    .ARM.Collect$$libinit$$0000000C  c_w.l(libinit2.o)
    0x0800024a   0x0800024a   0x00000000   Code   RO         8405    .ARM.Collect$$libinit$$0000000E  c_w.l(libinit2.o)
    0x0800024a   0x0800024a   0x00000000   Code   RO         8408    .ARM.Collect$$libinit$$00000011  c_w.l(libinit2.o)
    0x0800024a   0x0800024a   0x00000000   Code   RO         8410    .ARM.Collect$$libinit$$00000013  c_w.l(libinit2.o)
    0x0800024a   0x0800024a   0x00000000   Code   RO         8412    .ARM.Collect$$libinit$$00000015  c_w.l(libinit2.o)
    0x0800024a   0x0800024a   0x00000000   Code   RO         8414    .ARM.Collect$$libinit$$00000017  c_w.l(libinit2.o)
    0x0800024a   0x0800024a   0x00000000   Code   RO         8416    .ARM.Collect$$libinit$$00000019  c_w.l(libinit2.o)
    0x0800024a   0x0800024a   0x00000000   Code   RO         8418    .ARM.Collect$$libinit$$0000001B  c_w.l(libinit2.o)
    0x0800024a   0x0800024a   0x00000000   Code   RO         8420    .ARM.Collect$$libinit$$0000001D  c_w.l(libinit2.o)
    0x0800024a   0x0800024a   0x00000000   Code   RO         8422    .ARM.Collect$$libinit$$0000001F  c_w.l(libinit2.o)
    0x0800024a   0x0800024a   0x00000000   Code   RO         8424    .ARM.Collect$$libinit$$00000021  c_w.l(libinit2.o)
    0x0800024a   0x0800024a   0x00000000   Code   RO         8426    .ARM.Collect$$libinit$$00000023  c_w.l(libinit2.o)
    0x0800024a   0x0800024a   0x00000000   Code   RO         8428    .ARM.Collect$$libinit$$00000025  c_w.l(libinit2.o)
    0x0800024a   0x0800024a   0x00000000   Code   RO         8432    .ARM.Collect$$libinit$$0000002C  c_w.l(libinit2.o)
    0x0800024a   0x0800024a   0x00000000   Code   RO         8434    .ARM.Collect$$libinit$$0000002E  c_w.l(libinit2.o)
    0x0800024a   0x0800024a   0x00000000   Code   RO         8436    .ARM.Collect$$libinit$$00000030  c_w.l(libinit2.o)
    0x0800024a   0x0800024a   0x00000000   Code   RO         8438    .ARM.Collect$$libinit$$00000032  c_w.l(libinit2.o)
    0x0800024a   0x0800024a   0x00000002   Code   RO         8439    .ARM.Collect$$libinit$$00000033  c_w.l(libinit2.o)
    0x0800024c   0x0800024c   0x00000002   Code   RO         8702    .ARM.Collect$$libshutdown$$00000000  c_w.l(libshutdown.o)
    0x0800024e   0x0800024e   0x00000000   Code   RO         8658    .ARM.Collect$$libshutdown$$00000002  c_w.l(libshutdown2.o)
    0x0800024e   0x0800024e   0x00000000   Code   RO         8660    .ARM.Collect$$libshutdown$$00000004  c_w.l(libshutdown2.o)
    0x0800024e   0x0800024e   0x00000000   Code   RO         8662    .ARM.Collect$$libshutdown$$00000006  c_w.l(libshutdown2.o)
    0x0800024e   0x0800024e   0x00000000   Code   RO         8665    .ARM.Collect$$libshutdown$$00000009  c_w.l(libshutdown2.o)
    0x0800024e   0x0800024e   0x00000000   Code   RO         8668    .ARM.Collect$$libshutdown$$0000000C  c_w.l(libshutdown2.o)
    0x0800024e   0x0800024e   0x00000000   Code   RO         8670    .ARM.Collect$$libshutdown$$0000000E  c_w.l(libshutdown2.o)
    0x0800024e   0x0800024e   0x00000000   Code   RO         8673    .ARM.Collect$$libshutdown$$00000011  c_w.l(libshutdown2.o)
    0x0800024e   0x0800024e   0x00000002   Code   RO         8674    .ARM.Collect$$libshutdown$$00000012  c_w.l(libshutdown2.o)
    0x08000250   0x08000250   0x00000000   Code   RO         8355    .ARM.Collect$$rtentry$$00000000  c_w.l(__rtentry.o)
    0x08000250   0x08000250   0x00000000   Code   RO         8566    .ARM.Collect$$rtentry$$00000002  c_w.l(__rtentry2.o)
    0x08000250   0x08000250   0x00000006   Code   RO         8578    .ARM.Collect$$rtentry$$00000004  c_w.l(__rtentry4.o)
    0x08000256   0x08000256   0x00000000   Code   RO         8568    .ARM.Collect$$rtentry$$00000009  c_w.l(__rtentry2.o)
    0x08000256   0x08000256   0x00000004   Code   RO         8569    .ARM.Collect$$rtentry$$0000000A  c_w.l(__rtentry2.o)
    0x0800025a   0x0800025a   0x00000000   Code   RO         8571    .ARM.Collect$$rtentry$$0000000C  c_w.l(__rtentry2.o)
    0x0800025a   0x0800025a   0x00000008   Code   RO         8572    .ARM.Collect$$rtentry$$0000000D  c_w.l(__rtentry2.o)
    0x08000262   0x08000262   0x00000002   Code   RO         8645    .ARM.Collect$$rtexit$$00000000  c_w.l(rtexit.o)
    0x08000264   0x08000264   0x00000000   Code   RO         8678    .ARM.Collect$$rtexit$$00000002  c_w.l(rtexit2.o)
    0x08000264   0x08000264   0x00000004   Code   RO         8679    .ARM.Collect$$rtexit$$00000003  c_w.l(rtexit2.o)
    0x08000268   0x08000268   0x00000006   Code   RO         8680    .ARM.Collect$$rtexit$$00000004  c_w.l(rtexit2.o)
    0x0800026e   0x0800026e   0x00000002   PAD
    0x08000270   0x08000270   0x000000be   Code   RO         3308    .emb_text           port.o
    0x0800032e   0x0800032e   0x00000002   PAD
    0x08000330   0x08000330   0x00000000   Code   RO         8589    .emb_text           c_w.l(maybetermalloc1.o)
    0x08000330   0x08000330   0x00000040   Code   RO         1967    .text               startup_stm32f407xx.o
    0x08000370   0x08000370   0x00000094   Code   RO         7872    .text               arm_cortexM4lf_math.lib(arm_sin_f32.o)
    0x08000404   0x08000404   0x00000108   Code   RO         7922    .text               arm_cortexM4lf_math.lib(arm_mat_add_f32.o)
    0x0800050c   0x0800050c   0x00000008   Code   RO         7946    .text               arm_cortexM4lf_math.lib(arm_mat_init_f32.o)
    0x08000514   0x08000514   0x00000530   Code   RO         7970    .text               arm_cortexM4lf_math.lib(arm_mat_inverse_f32.o)
    0x08000a44   0x08000a44   0x0000013c   Code   RO         7994    .text               arm_cortexM4lf_math.lib(arm_mat_mult_f32.o)
    0x08000b80   0x08000b80   0x00000108   Code   RO         8018    .text               arm_cortexM4lf_math.lib(arm_mat_sub_f32.o)
    0x08000c88   0x08000c88   0x00000114   Code   RO         8042    .text               arm_cortexM4lf_math.lib(arm_mat_trans_f32.o)
    0x08000d9c   0x08000d9c   0x0000005e   Code   RO         8149    .text               c_w.l(h1_alloc.o)
    0x08000dfa   0x08000dfa   0x000000ee   Code   RO         8203    .text               c_w.l(lludivv7m.o)
    0x08000ee8   0x08000ee8   0x0000008a   Code   RO         8207    .text               c_w.l(rt_memcpy_v6.o)
    0x08000f72   0x08000f72   0x00000064   Code   RO         8209    .text               c_w.l(rt_memcpy_w.o)
    0x08000fd6   0x08000fd6   0x00000010   Code   RO         8213    .text               c_w.l(aeabi_memset.o)
    0x08000fe6   0x08000fe6   0x00000044   Code   RO         8215    .text               c_w.l(rt_memclr.o)
    0x0800102a   0x0800102a   0x0000004e   Code   RO         8217    .text               c_w.l(rt_memclr_w.o)
    0x08001078   0x08001078   0x00000006   Code   RO         8219    .text               c_w.l(heapauxi.o)
    0x0800107e   0x0800107e   0x00000002   PAD
    0x08001080   0x08001080   0x00000008   Code   RO         8363    .text               c_w.l(rt_heap_descriptor_intlibspace.o)
    0x08001088   0x08001088   0x00000004   Code   RO         8365    .text               c_w.l(hguard.o)
    0x0800108c   0x0800108c   0x0000008a   Code   RO         8367    .text               c_w.l(init_alloc.o)
    0x08001116   0x08001116   0x0000000e   Code   RO         8373    .text               c_w.l(h1_init.o)
    0x08001124   0x08001124   0x0000004e   Code   RO         8375    .text               c_w.l(h1_free.o)
    0x08001172   0x08001172   0x00000016   Code   RO         8391    .text               c_w.l(_rserrno.o)
    0x08001188   0x08001188   0x00000008   Code   RO         8562    .text               c_w.l(libspace.o)
    0x08001190   0x08001190   0x00000008   Code   RO         8585    .text               c_w.l(rt_errno_addr_intlibspace.o)
    0x08001198   0x08001198   0x00000034   Code   RO         8591    .text               c_w.l(h1_extend.o)
    0x080011cc   0x080011cc   0x00000030   Code   RO         8595    .text               c_w.l(_fptrap.o)
    0x080011fc   0x080011fc   0x0000000e   Code   RO         8597    .text               c_w.l(defsig_rtmem_outer.o)
    0x0800120a   0x0800120a   0x00000002   Code   RO         8614    .text               c_w.l(use_no_semi.o)
    0x0800120c   0x0800120c   0x00000000   Code   RO         8616    .text               c_w.l(indicate_semi.o)
    0x0800120c   0x0800120c   0x0000004a   Code   RO         8617    .text               c_w.l(sys_stackheap_outer.o)
    0x08001256   0x08001256   0x00000012   Code   RO         8623    .text               c_w.l(exit.o)
    0x08001268   0x08001268   0x0000000a   Code   RO         8625    .text               c_w.l(defsig_exit.o)
    0x08001272   0x08001272   0x0000000e   Code   RO         8627    .text               c_w.l(defsig_fpe_outer.o)
    0x08001280   0x08001280   0x00000050   Code   RO         8631    .text               c_w.l(defsig_rtmem_inner.o)
    0x080012d0   0x080012d0   0x0000000c   Code   RO         8643    .text               c_w.l(sys_exit.o)
    0x080012dc   0x080012dc   0x00000032   Code   RO         8653    .text               c_w.l(defsig_general.o)
    0x0800130e   0x0800130e   0x00000002   PAD
    0x08001310   0x08001310   0x000000ac   Code   RO         8655    .text               c_w.l(defsig_fpe_inner.o)
    0x080013bc   0x080013bc   0x0000000e   Code   RO         8675    .text               c_w.l(sys_wrch.o)
    0x080013ca   0x080013ca   0x00000002   PAD
    0x080013cc   0x080013cc   0x00000010   Code   RO          697    i.BMI088_ACCEL_NS_H  bsp_gpio.o
    0x080013dc   0x080013dc   0x00000010   Code   RO          698    i.BMI088_ACCEL_NS_L  bsp_gpio.o
    0x080013ec   0x080013ec   0x0000010c   Code   RO         1165    i.BMI088_Accel_Init  bmi088.o
    0x080014f8   0x080014f8   0x00000010   Code   RO          699    i.BMI088_GYRO_NS_H  bsp_gpio.o
    0x08001508   0x08001508   0x00000010   Code   RO          700    i.BMI088_GYRO_NS_L  bsp_gpio.o
    0x08001518   0x08001518   0x000000dc   Code   RO         1166    i.BMI088_Gyro_Init  bmi088.o
    0x080015f4   0x080015f4   0x00000170   Code   RO         1167    i.BMI088_Info_Update  bmi088.o
    0x08001764   0x08001764   0x0000002c   Code   RO         1168    i.BMI088_Init       bmi088.o
    0x08001790   0x08001790   0x0000002c   Code   RO         1169    i.BMI088_Offset_Update  bmi088.o
    0x080017bc   0x080017bc   0x00000024   Code   RO         1170    i.BMI088_Read_Multi_Reg  bmi088.o
    0x080017e0   0x080017e0   0x00000016   Code   RO         1171    i.BMI088_Read_Single_Reg  bmi088.o
    0x080017f6   0x080017f6   0x00000002   PAD
    0x080017f8   0x080017f8   0x00000024   Code   RO          794    i.BMI088_Read_Write_Byte  bsp_spi.o
    0x0800181c   0x0800181c   0x00000068   Code   RO          483    i.BMI088_Temp_Control  ins_task.o
    0x08001884   0x08001884   0x00000012   Code   RO         1172    i.BMI088_Write_Single_Reg  bmi088.o
    0x08001896   0x08001896   0x00000002   PAD
    0x08001898   0x08001898   0x00000070   Code   RO          558    i.BSP_CAN_Init      bsp_can.o
    0x08001908   0x08001908   0x00000020   Code   RO          908    i.BSP_USART_Init    bsp_uart.o
    0x08001928   0x08001928   0x00000028   Code   RO          863    i.Bsp_Tim_Init      bsp_tim.o
    0x08001950   0x08001950   0x00000002   Code   RO         1804    i.BusFault_Handler  stm32f4xx_it.o
    0x08001952   0x08001952   0x00000002   PAD
    0x08001954   0x08001954   0x0000000c   Code   RO         1805    i.CAN1_RX0_IRQHandler  stm32f4xx_it.o
    0x08001960   0x08001960   0x0000003c   Code   RO          559    i.CAN1_RxFifo0RxHandler  bsp_can.o
    0x0800199c   0x0800199c   0x0000000c   Code   RO         1806    i.CAN2_RX0_IRQHandler  stm32f4xx_it.o
    0x080019a8   0x080019a8   0x00000020   Code   RO          560    i.CAN2_RxFifo0RxHandler  bsp_can.o
    0x080019c8   0x080019c8   0x000000c0   Code   RO          158    i.CAN_Task          can_task.o
    0x08001a88   0x08001a88   0x00000008   Code   RO         7177    i.CDC_Control_FS    usbd_cdc_if.o
    0x08001a90   0x08001a90   0x00000004   Code   RO         7178    i.CDC_DeInit_FS     usbd_cdc_if.o
    0x08001a94   0x08001a94   0x00000024   Code   RO         7179    i.CDC_Init_FS       usbd_cdc_if.o
    0x08001ab8   0x08001ab8   0x00000020   Code   RO         7180    i.CDC_Receive_FS    usbd_cdc_if.o
    0x08001ad8   0x08001ad8   0x00000004   Code   RO         7181    i.CDC_TransmitCplt_FS  usbd_cdc_if.o
    0x08001adc   0x08001adc   0x0000002c   Code   RO         7182    i.CDC_Transmit_FS   usbd_cdc_if.o
    0x08001b08   0x08001b08   0x0000019c   Code   RO          362    i.Control_Info_Update  control_task.o
    0x08001ca4   0x08001ca4   0x00000074   Code   RO          363    i.Control_Mode_Update  control_task.o
    0x08001d18   0x08001d18   0x000002b4   Code   RO          364    i.Control_Target_Update  control_task.o
    0x08001fcc   0x08001fcc   0x0000003c   Code   RO          365    i.Control_Task      control_task.o
    0x08002008   0x08002008   0x0000007c   Code   RO          366    i.Control_Task_Init  control_task.o
    0x08002084   0x08002084   0x00000010   Code   RO          864    i.Cover_Control     bsp_tim.o
    0x08002094   0x08002094   0x00000024   Code   RO         1291    i.DJI_Motor_ErrorHandler  motor.o
    0x080020b8   0x080020b8   0x000000a8   Code   RO         1292    i.DJI_Motor_Info_Update  motor.o
    0x08002160   0x08002160   0x0000000c   Code   RO         1807    i.DMA1_Stream1_IRQHandler  stm32f4xx_it.o
    0x0800216c   0x0800216c   0x0000002c   Code   RO         4488    i.DMA_CalcBaseAndBitshift  stm32f4xx_hal_dma.o
    0x08002198   0x08002198   0x00000078   Code   RO         4489    i.DMA_CheckFifoParam  stm32f4xx_hal_dma.o
    0x08002210   0x08002210   0x00000002   Code   RO         1808    i.DebugMon_Handler  stm32f4xx_it.o
    0x08002212   0x08002212   0x00000016   Code   RO          825    i.Delay_ms          bsp_tick.o
    0x08002228   0x08002228   0x00000016   Code   RO          826    i.Delay_us          bsp_tick.o
    0x0800223e   0x0800223e   0x00000002   PAD
    0x08002240   0x08002240   0x0000006c   Code   RO          456    i.Detect_Task       detect_task.o
    0x080022ac   0x080022ac   0x00000006   Code   RO         1809    i.EXTI9_5_IRQHandler  stm32f4xx_it.o
    0x080022b2   0x080022b2   0x00000004   Code   RO         1446    i.Error_Handler     main.o
    0x080022b6   0x080022b6   0x00000002   PAD
    0x080022b8   0x080022b8   0x0000002c   Code   RO            4    i.Fast_InverseSqrt  api_quaternion.o
    0x080022e4   0x080022e4   0x00000038   Code   RO         7099    i.Get_SerialNum     usbd_desc.o
    0x0800231c   0x0800231c   0x00000024   Code   RO         5162    i.HAL_CAN_ActivateNotification  stm32f4xx_hal_can.o
    0x08002340   0x08002340   0x000000f2   Code   RO         5163    i.HAL_CAN_AddTxMessage  stm32f4xx_hal_can.o
    0x08002432   0x08002432   0x00000002   PAD
    0x08002434   0x08002434   0x00000110   Code   RO         5164    i.HAL_CAN_ConfigFilter  stm32f4xx_hal_can.o
    0x08002544   0x08002544   0x00000002   Code   RO         5167    i.HAL_CAN_ErrorCallback  stm32f4xx_hal_can.o
    0x08002546   0x08002546   0x00000106   Code   RO         5170    i.HAL_CAN_GetRxMessage  stm32f4xx_hal_can.o
    0x0800264c   0x0800264c   0x000001fc   Code   RO         5174    i.HAL_CAN_IRQHandler  stm32f4xx_hal_can.o
    0x08002848   0x08002848   0x00000152   Code   RO         5175    i.HAL_CAN_Init      stm32f4xx_hal_can.o
    0x0800299a   0x0800299a   0x00000002   PAD
    0x0800299c   0x0800299c   0x00000100   Code   RO         1588    i.HAL_CAN_MspInit   can.o
    0x08002a9c   0x08002a9c   0x00000002   Code   RO         5182    i.HAL_CAN_RxFifo0FullCallback  stm32f4xx_hal_can.o
    0x08002a9e   0x08002a9e   0x00000002   PAD
    0x08002aa0   0x08002aa0   0x00000048   Code   RO          561    i.HAL_CAN_RxFifo0MsgPendingCallback  bsp_can.o
    0x08002ae8   0x08002ae8   0x00000002   Code   RO         5184    i.HAL_CAN_RxFifo1FullCallback  stm32f4xx_hal_can.o
    0x08002aea   0x08002aea   0x00000002   Code   RO         5185    i.HAL_CAN_RxFifo1MsgPendingCallback  stm32f4xx_hal_can.o
    0x08002aec   0x08002aec   0x00000002   Code   RO         5186    i.HAL_CAN_SleepCallback  stm32f4xx_hal_can.o
    0x08002aee   0x08002aee   0x00000058   Code   RO         5187    i.HAL_CAN_Start     stm32f4xx_hal_can.o
    0x08002b46   0x08002b46   0x00000002   Code   RO         5189    i.HAL_CAN_TxMailbox0AbortCallback  stm32f4xx_hal_can.o
    0x08002b48   0x08002b48   0x00000002   Code   RO         5190    i.HAL_CAN_TxMailbox0CompleteCallback  stm32f4xx_hal_can.o
    0x08002b4a   0x08002b4a   0x00000002   Code   RO         5191    i.HAL_CAN_TxMailbox1AbortCallback  stm32f4xx_hal_can.o
    0x08002b4c   0x08002b4c   0x00000002   Code   RO         5192    i.HAL_CAN_TxMailbox1CompleteCallback  stm32f4xx_hal_can.o
    0x08002b4e   0x08002b4e   0x00000002   Code   RO         5193    i.HAL_CAN_TxMailbox2AbortCallback  stm32f4xx_hal_can.o
    0x08002b50   0x08002b50   0x00000002   Code   RO         5194    i.HAL_CAN_TxMailbox2CompleteCallback  stm32f4xx_hal_can.o
    0x08002b52   0x08002b52   0x00000002   Code   RO         5196    i.HAL_CAN_WakeUpFromRxMsgCallback  stm32f4xx_hal_can.o
    0x08002b54   0x08002b54   0x0000008e   Code   RO         4491    i.HAL_DMA_Abort     stm32f4xx_hal_dma.o
    0x08002be2   0x08002be2   0x00000024   Code   RO         4492    i.HAL_DMA_Abort_IT  stm32f4xx_hal_dma.o
    0x08002c06   0x08002c06   0x00000002   PAD
    0x08002c08   0x08002c08   0x000001d0   Code   RO         4496    i.HAL_DMA_IRQHandler  stm32f4xx_hal_dma.o
    0x08002dd8   0x08002dd8   0x000000d4   Code   RO         4497    i.HAL_DMA_Init      stm32f4xx_hal_dma.o
    0x08002eac   0x08002eac   0x00000024   Code   RO         4910    i.HAL_Delay         stm32f4xx_hal.o
    0x08002ed0   0x08002ed0   0x00000002   Code   RO         4382    i.HAL_GPIO_EXTI_Callback  stm32f4xx_hal_gpio.o
    0x08002ed2   0x08002ed2   0x00000002   PAD
    0x08002ed4   0x08002ed4   0x00000018   Code   RO         4383    i.HAL_GPIO_EXTI_IRQHandler  stm32f4xx_hal_gpio.o
    0x08002eec   0x08002eec   0x000001d0   Code   RO         4384    i.HAL_GPIO_Init     stm32f4xx_hal_gpio.o
    0x080030bc   0x080030bc   0x0000000e   Code   RO         4388    i.HAL_GPIO_WritePin  stm32f4xx_hal_gpio.o
    0x080030ca   0x080030ca   0x00000002   PAD
    0x080030cc   0x080030cc   0x0000000c   Code   RO         4916    i.HAL_GetTick       stm32f4xx_hal.o
    0x080030d8   0x080030d8   0x00000010   Code   RO         4922    i.HAL_IncTick       stm32f4xx_hal.o
    0x080030e8   0x080030e8   0x00000034   Code   RO         4923    i.HAL_Init          stm32f4xx_hal.o
    0x0800311c   0x0800311c   0x00000098   Code   RO         1928    i.HAL_InitTick      stm32f4xx_hal_timebase_tim.o
    0x080031b4   0x080031b4   0x00000038   Code   RO         1904    i.HAL_MspInit       stm32f4xx_hal_msp.o
    0x080031ec   0x080031ec   0x0000001a   Code   RO         4773    i.HAL_NVIC_EnableIRQ  stm32f4xx_hal_cortex.o
    0x08003206   0x08003206   0x00000002   PAD
    0x08003208   0x08003208   0x00000040   Code   RO         4779    i.HAL_NVIC_SetPriority  stm32f4xx_hal_cortex.o
    0x08003248   0x08003248   0x00000024   Code   RO         4780    i.HAL_NVIC_SetPriorityGrouping  stm32f4xx_hal_cortex.o
    0x0800326c   0x0800326c   0x00000002   Code   RO         3632    i.HAL_PCDEx_LPM_Callback  stm32f4xx_hal_pcd_ex.o
    0x0800326e   0x0800326e   0x00000008   Code   RO         3633    i.HAL_PCDEx_SetRxFiFo  stm32f4xx_hal_pcd_ex.o
    0x08003276   0x08003276   0x00000042   Code   RO         3634    i.HAL_PCDEx_SetTxFiFo  stm32f4xx_hal_pcd_ex.o
    0x080032b8   0x080032b8   0x00000008   Code   RO         7234    i.HAL_PCD_ConnectCallback  usbd_conf.o
    0x080032c0   0x080032c0   0x00000012   Code   RO         7235    i.HAL_PCD_DataInStageCallback  usbd_conf.o
    0x080032d2   0x080032d2   0x00000014   Code   RO         7236    i.HAL_PCD_DataOutStageCallback  usbd_conf.o
    0x080032e6   0x080032e6   0x00000008   Code   RO         7237    i.HAL_PCD_DisconnectCallback  usbd_conf.o
    0x080032ee   0x080032ee   0x0000001e   Code   RO         3397    i.HAL_PCD_EP_Abort  stm32f4xx_hal_pcd.o
    0x0800330c   0x0800330c   0x00000048   Code   RO         3398    i.HAL_PCD_EP_Close  stm32f4xx_hal_pcd.o
    0x08003354   0x08003354   0x00000058   Code   RO         3399    i.HAL_PCD_EP_ClrStall  stm32f4xx_hal_pcd.o
    0x080033ac   0x080033ac   0x00000012   Code   RO         3401    i.HAL_PCD_EP_GetRxCount  stm32f4xx_hal_pcd.o
    0x080033be   0x080033be   0x0000005c   Code   RO         3402    i.HAL_PCD_EP_Open   stm32f4xx_hal_pcd.o
    0x0800341a   0x0800341a   0x00000042   Code   RO         3403    i.HAL_PCD_EP_Receive  stm32f4xx_hal_pcd.o
    0x0800345c   0x0800345c   0x00000070   Code   RO         3404    i.HAL_PCD_EP_SetStall  stm32f4xx_hal_pcd.o
    0x080034cc   0x080034cc   0x00000042   Code   RO         3405    i.HAL_PCD_EP_Transmit  stm32f4xx_hal_pcd.o
    0x0800350e   0x0800350e   0x0000050a   Code   RO         3407    i.HAL_PCD_IRQHandler  stm32f4xx_hal_pcd.o
    0x08003a18   0x08003a18   0x00000008   Code   RO         7238    i.HAL_PCD_ISOINIncompleteCallback  usbd_conf.o
    0x08003a20   0x08003a20   0x00000008   Code   RO         7239    i.HAL_PCD_ISOOUTIncompleteCallback  usbd_conf.o
    0x08003a28   0x08003a28   0x000000e4   Code   RO         3410    i.HAL_PCD_Init      stm32f4xx_hal_pcd.o
    0x08003b0c   0x08003b0c   0x00000084   Code   RO         7241    i.HAL_PCD_MspInit   usbd_conf.o
    0x08003b90   0x08003b90   0x0000002e   Code   RO         7242    i.HAL_PCD_ResetCallback  usbd_conf.o
    0x08003bbe   0x08003bbe   0x00000008   Code   RO         7243    i.HAL_PCD_ResumeCallback  usbd_conf.o
    0x08003bc6   0x08003bc6   0x00000008   Code   RO         7244    i.HAL_PCD_SOFCallback  usbd_conf.o
    0x08003bce   0x08003bce   0x00000028   Code   RO         3416    i.HAL_PCD_SetAddress  stm32f4xx_hal_pcd.o
    0x08003bf6   0x08003bf6   0x0000000e   Code   RO         7245    i.HAL_PCD_SetupStageCallback  usbd_conf.o
    0x08003c04   0x08003c04   0x00000042   Code   RO         3419    i.HAL_PCD_Start     stm32f4xx_hal_pcd.o
    0x08003c46   0x08003c46   0x00000002   PAD
    0x08003c48   0x08003c48   0x00000030   Code   RO         7246    i.HAL_PCD_SuspendCallback  usbd_conf.o
    0x08003c78   0x08003c78   0x00000002   Code   RO         3984    i.HAL_RCC_CSSCallback  stm32f4xx_hal_rcc.o
    0x08003c7a   0x08003c7a   0x00000002   PAD
    0x08003c7c   0x08003c7c   0x0000014c   Code   RO         3985    i.HAL_RCC_ClockConfig  stm32f4xx_hal_rcc.o
    0x08003dc8   0x08003dc8   0x0000000c   Code   RO         3988    i.HAL_RCC_EnableCSS  stm32f4xx_hal_rcc.o
    0x08003dd4   0x08003dd4   0x0000003c   Code   RO         3989    i.HAL_RCC_GetClockConfig  stm32f4xx_hal_rcc.o
    0x08003e10   0x08003e10   0x0000000c   Code   RO         3990    i.HAL_RCC_GetHCLKFreq  stm32f4xx_hal_rcc.o
    0x08003e1c   0x08003e1c   0x00000020   Code   RO         3992    i.HAL_RCC_GetPCLK1Freq  stm32f4xx_hal_rcc.o
    0x08003e3c   0x08003e3c   0x00000020   Code   RO         3993    i.HAL_RCC_GetPCLK2Freq  stm32f4xx_hal_rcc.o
    0x08003e5c   0x08003e5c   0x0000006c   Code   RO         3994    i.HAL_RCC_GetSysClockFreq  stm32f4xx_hal_rcc.o
    0x08003ec8   0x08003ec8   0x0000001c   Code   RO         3996    i.HAL_RCC_NMI_IRQHandler  stm32f4xx_hal_rcc.o
    0x08003ee4   0x08003ee4   0x000003c0   Code   RO         3997    i.HAL_RCC_OscConfig  stm32f4xx_hal_rcc.o
    0x080042a4   0x080042a4   0x000000be   Code   RO         5406    i.HAL_SPI_Init      stm32f4xx_hal_spi.o
    0x08004362   0x08004362   0x00000002   PAD
    0x08004364   0x08004364   0x00000090   Code   RO         1661    i.HAL_SPI_MspInit   spi.o
    0x080043f4   0x080043f4   0x000001e4   Code   RO         5415    i.HAL_SPI_TransmitReceive  stm32f4xx_hal_spi.o
    0x080045d8   0x080045d8   0x00000002   Code   RO         6434    i.HAL_TIMEx_BreakCallback  stm32f4xx_hal_tim_ex.o
    0x080045da   0x080045da   0x00000002   Code   RO         6435    i.HAL_TIMEx_CommutCallback  stm32f4xx_hal_tim_ex.o
    0x080045dc   0x080045dc   0x00000054   Code   RO         6437    i.HAL_TIMEx_ConfigBreakDeadTime  stm32f4xx_hal_tim_ex.o
    0x08004630   0x08004630   0x00000090   Code   RO         6453    i.HAL_TIMEx_MasterConfigSynchronization  stm32f4xx_hal_tim_ex.o
    0x080046c0   0x080046c0   0x0000004a   Code   RO         5719    i.HAL_TIM_Base_Init  stm32f4xx_hal_tim.o
    0x0800470a   0x0800470a   0x00000002   PAD
    0x0800470c   0x0800470c   0x00000064   Code   RO         1703    i.HAL_TIM_Base_MspInit  tim.o
    0x08004770   0x08004770   0x0000008c   Code   RO         5724    i.HAL_TIM_Base_Start_IT  stm32f4xx_hal_tim.o
    0x080047fc   0x080047fc   0x000000e8   Code   RO         5728    i.HAL_TIM_ConfigClockSource  stm32f4xx_hal_tim.o
    0x080048e4   0x080048e4   0x00000002   Code   RO         5753    i.HAL_TIM_IC_CaptureCallback  stm32f4xx_hal_tim.o
    0x080048e6   0x080048e6   0x0000016e   Code   RO         5767    i.HAL_TIM_IRQHandler  stm32f4xx_hal_tim.o
    0x08004a54   0x08004a54   0x000000bc   Code   RO         1704    i.HAL_TIM_MspPostInit  tim.o
    0x08004b10   0x08004b10   0x00000002   Code   RO         5770    i.HAL_TIM_OC_DelayElapsedCallback  stm32f4xx_hal_tim.o
    0x08004b12   0x08004b12   0x000000d8   Code   RO         5791    i.HAL_TIM_PWM_ConfigChannel  stm32f4xx_hal_tim.o
    0x08004bea   0x08004bea   0x0000004a   Code   RO         5794    i.HAL_TIM_PWM_Init  stm32f4xx_hal_tim.o
    0x08004c34   0x08004c34   0x00000002   Code   RO         5796    i.HAL_TIM_PWM_MspInit  stm32f4xx_hal_tim.o
    0x08004c36   0x08004c36   0x00000002   Code   RO         5797    i.HAL_TIM_PWM_PulseFinishedCallback  stm32f4xx_hal_tim.o
    0x08004c38   0x08004c38   0x000000dc   Code   RO         5799    i.HAL_TIM_PWM_Start  stm32f4xx_hal_tim.o
    0x08004d14   0x08004d14   0x0000000e   Code   RO         1447    i.HAL_TIM_PeriodElapsedCallback  main.o
    0x08004d22   0x08004d22   0x00000002   Code   RO         5810    i.HAL_TIM_TriggerCallback  stm32f4xx_hal_tim.o
    0x08004d24   0x08004d24   0x0000003c   Code   RO          909    i.HAL_UARTEx_RxEventCallback  bsp_uart.o
    0x08004d60   0x08004d60   0x00000002   Code   RO         6726    i.HAL_UART_ErrorCallback  stm32f4xx_hal_uart.o
    0x08004d62   0x08004d62   0x00000002   PAD
    0x08004d64   0x08004d64   0x00000228   Code   RO         6729    i.HAL_UART_IRQHandler  stm32f4xx_hal_uart.o
    0x08004f8c   0x08004f8c   0x00000064   Code   RO         6730    i.HAL_UART_Init     stm32f4xx_hal_uart.o
    0x08004ff0   0x08004ff0   0x000000b4   Code   RO         1763    i.HAL_UART_MspInit  usart.o
    0x080050a4   0x080050a4   0x00000002   Code   RO         6736    i.HAL_UART_RxCpltCallback  stm32f4xx_hal_uart.o
    0x080050a6   0x080050a6   0x00000002   Code   RO         6741    i.HAL_UART_TxCpltCallback  stm32f4xx_hal_uart.o
    0x080050a8   0x080050a8   0x0000001a   Code   RO          827    i.Haltick           bsp_tick.o
    0x080050c2   0x080050c2   0x00000002   Code   RO         1810    i.HardFault_Handler  stm32f4xx_it.o
    0x080050c4   0x080050c4   0x00000010   Code   RO          865    i.Heat_Power_Control  bsp_tim.o
    0x080050d4   0x080050d4   0x00000060   Code   RO          484    i.INSTask_Init      ins_task.o
    0x08005134   0x08005134   0x00000168   Code   RO          485    i.INS_Task          ins_task.o
    0x0800529c   0x0800529c   0x0000003a   Code   RO         7100    i.IntToUnicode      usbd_desc.o
    0x080052d6   0x080052d6   0x00000002   PAD
    0x080052d8   0x080052d8   0x00000038   Code   RO          367    i.Judge_IF_AutoBlock  control_task.o
    0x08005310   0x08005310   0x00000024   Code   RO          368    i.Judge_IF_SingeStuck  control_task.o
    0x08005334   0x08005334   0x0000036a   Code   RO         1002    i.Kalman_Filter_Init  kalman.o
    0x0800569e   0x0800569e   0x000000c0   Code   RO         1003    i.Kalman_Filter_K_Update  kalman.o
    0x0800575e   0x0800575e   0x0000003a   Code   RO         1004    i.Kalman_Filter_Measurement_Update  kalman.o
    0x08005798   0x08005798   0x00000068   Code   RO         1005    i.Kalman_Filter_P_Update  kalman.o
    0x08005800   0x08005800   0x0000006a   Code   RO         1006    i.Kalman_Filter_Pminus_Update  kalman.o
    0x0800586a   0x0800586a   0x00000086   Code   RO         1007    i.Kalman_Filter_Update  kalman.o
    0x080058f0   0x080058f0   0x00000080   Code   RO         1008    i.Kalman_Filter_xhat_Update  kalman.o
    0x08005970   0x08005970   0x00000074   Code   RO         1009    i.Kalman_Filter_xhatminus_Update  kalman.o
    0x080059e4   0x080059e4   0x00000034   Code   RO         1388    i.Key_B             remote_control.o
    0x08005a18   0x08005a18   0x0000003c   Code   RO         1389    i.Key_R             remote_control.o
    0x08005a54   0x08005a54   0x00000072   Code   RO         1390    i.Key_Status_Update  remote_control.o
    0x08005ac6   0x08005ac6   0x00000002   PAD
    0x08005ac8   0x08005ac8   0x00000010   Code   RO          701    i.LASER_TURN_OFF    bsp_gpio.o
    0x08005ad8   0x08005ad8   0x00000010   Code   RO          702    i.LASER_TURN_ON     bsp_gpio.o
    0x08005ae8   0x08005ae8   0x00000024   Code   RO         1061    i.LowPassFilter2p_Init  lpf.o
    0x08005b0c   0x08005b0c   0x0000004c   Code   RO         1062    i.LowPassFilter2p_Update  lpf.o
    0x08005b58   0x08005b58   0x0000001a   Code   RO          751    i.MCU_Init          bsp_mcu.o
    0x08005b72   0x08005b72   0x00000002   PAD
    0x08005b74   0x08005b74   0x00000048   Code   RO         1589    i.MX_CAN1_Init      can.o
    0x08005bbc   0x08005bbc   0x00000048   Code   RO         1590    i.MX_CAN2_Init      can.o
    0x08005c04   0x08005c04   0x0000002c   Code   RO         1636    i.MX_DMA_Init       dma.o
    0x08005c30   0x08005c30   0x00000080   Code   RO         1525    i.MX_FREERTOS_Init  freertos.o
    0x08005cb0   0x08005cb0   0x00000120   Code   RO         1497    i.MX_GPIO_Init      gpio.o
    0x08005dd0   0x08005dd0   0x00000048   Code   RO         1662    i.MX_SPI1_Init      spi.o
    0x08005e18   0x08005e18   0x00000068   Code   RO         1705    i.MX_TIM10_Init     tim.o
    0x08005e80   0x08005e80   0x000000c8   Code   RO         1706    i.MX_TIM1_Init      tim.o
    0x08005f48   0x08005f48   0x00000098   Code   RO         1707    i.MX_TIM4_Init      tim.o
    0x08005fe0   0x08005fe0   0x0000003c   Code   RO         1764    i.MX_USART3_UART_Init  usart.o
    0x0800601c   0x0800601c   0x00000080   Code   RO         7068    i.MX_USB_DEVICE_Init  usb_device.o
    0x0800609c   0x0800609c   0x00000002   Code   RO         1811    i.MemManage_Handler  stm32f4xx_it.o
    0x0800609e   0x0800609e   0x00000002   PAD
    0x080060a0   0x080060a0   0x00000044   Code   RO         1223    i.MiniPC_RecvFrameInfo  minipc.o
    0x080060e4   0x080060e4   0x0000002c   Code   RO         1224    i.MiniPC_SendFrameInfo  minipc.o
    0x08006110   0x08006110   0x0000003c   Code   RO         1391    i.Mouse_Pressed_Left  remote_control.o
    0x0800614c   0x0800614c   0x00000040   Code   RO         1392    i.Mouse_Pressed_Right  remote_control.o
    0x0800618c   0x0800618c   0x00000006   Code   RO         1812    i.NMI_Handler       stm32f4xx_it.o
    0x08006192   0x08006192   0x00000002   PAD
    0x08006194   0x08006194   0x0000000c   Code   RO         1813    i.OTG_FS_IRQHandler  stm32f4xx_it.o
    0x080061a0   0x080061a0   0x00000048   Code   RO         3423    i.PCD_EP_OutSetupPacket_int  stm32f4xx_hal_pcd.o
    0x080061e8   0x080061e8   0x000000e4   Code   RO         3424    i.PCD_EP_OutXfrComplete_int  stm32f4xx_hal_pcd.o
    0x080062cc   0x080062cc   0x0000009c   Code   RO         3425    i.PCD_WriteEmptyTxFifo  stm32f4xx_hal_pcd.o
    0x08006368   0x08006368   0x00000028   Code   RO         1128    i.PID_Calc_Clear    pid.o
    0x08006390   0x08006390   0x0000002c   Code   RO         1129    i.PID_ErrorHandle   pid.o
    0x080063bc   0x080063bc   0x0000002c   Code   RO         1130    i.PID_Init          pid.o
    0x080063e8   0x080063e8   0x00000046   Code   RO         1131    i.PID_Param_Init    pid.o
    0x0800642e   0x0800642e   0x00000002   PAD
    0x08006430   0x08006430   0x000001a4   Code   RO            5    i.QuaternionEKF_A_Update  api_quaternion.o
    0x080065d4   0x080065d4   0x00000138   Code   RO            6    i.QuaternionEKF_ChiSqrtTest  api_quaternion.o
    0x0800670c   0x0800670c   0x000000e6   Code   RO            7    i.QuaternionEKF_H_Update  api_quaternion.o
    0x080067f2   0x080067f2   0x00000002   PAD
    0x080067f4   0x080067f4   0x000000bc   Code   RO            8    i.QuaternionEKF_Init  api_quaternion.o
    0x080068b0   0x080068b0   0x00000340   Code   RO            9    i.QuaternionEKF_Update  api_quaternion.o
    0x08006bf0   0x08006bf0   0x000002bc   Code   RO           10    i.QuaternionEKF_xhat_Update  api_quaternion.o
    0x08006eac   0x08006eac   0x00000158   Code   RO         1348    i.Referee_Frame_Update  referee_info.o
    0x08007004   0x08007004   0x000000e0   Code   RO          159    i.Remote_Control_TxCANFrame  can_task.o
    0x080070e4   0x080070e4   0x00000022   Code   RO         1393    i.Remote_Message_Moniter  remote_control.o
    0x08007106   0x08007106   0x000000c8   Code   RO         1394    i.SBUS_TO_RC        remote_control.o
    0x080071ce   0x080071ce   0x00000002   PAD
    0x080071d0   0x080071d0   0x0000005c   Code   RO         5444    i.SPI_EndRxTxTransaction  stm32f4xx_hal_spi.o
    0x0800722c   0x0800722c   0x000000bc   Code   RO         5449    i.SPI_WaitFlagStateUntilTimeout  stm32f4xx_hal_spi.o
    0x080072e8   0x080072e8   0x0000000a   Code   RO         7603    i.SWAPBYTE          usbd_ctlreq.o
    0x080072f2   0x080072f2   0x00000002   PAD
    0x080072f4   0x080072f4   0x000000f8   Code   RO          369    i.Shooter_TargetSpeed_Update  control_task.o
    0x080073ec   0x080073ec   0x00000626   Code   RO          108    i.SolveTrajectory_Transform  api_trajectory.o
    0x08007a12   0x08007a12   0x0000002e   Code   RO          109    i.SolveTrajectory_Update  api_trajectory.o
    0x08007a40   0x08007a40   0x00000064   Code   RO          370    i.SpeedAdapt        control_task.o
    0x08007aa4   0x08007aa4   0x0000002c   Code   RO         3309    i.SysTick_Handler   port.o
    0x08007ad0   0x08007ad0   0x00000098   Code   RO         1448    i.SystemClock_Config  main.o
    0x08007b68   0x08007b68   0x00000010   Code   RO         1975    i.SystemInit        system_stm32f4xx.o
    0x08007b78   0x08007b78   0x0000000c   Code   RO         1814    i.TIM2_IRQHandler   stm32f4xx_it.o
    0x08007b84   0x08007b84   0x000000cc   Code   RO         5812    i.TIM_Base_SetConfig  stm32f4xx_hal_tim.o
    0x08007c50   0x08007c50   0x0000001a   Code   RO         5813    i.TIM_CCxChannelCmd  stm32f4xx_hal_tim.o
    0x08007c6a   0x08007c6a   0x00000014   Code   RO         5823    i.TIM_ETR_SetConfig  stm32f4xx_hal_tim.o
    0x08007c7e   0x08007c7e   0x00000010   Code   RO         5824    i.TIM_ITRx_SetConfig  stm32f4xx_hal_tim.o
    0x08007c8e   0x08007c8e   0x00000002   PAD
    0x08007c90   0x08007c90   0x00000068   Code   RO         5825    i.TIM_OC1_SetConfig  stm32f4xx_hal_tim.o
    0x08007cf8   0x08007cf8   0x00000074   Code   RO         5826    i.TIM_OC2_SetConfig  stm32f4xx_hal_tim.o
    0x08007d6c   0x08007d6c   0x00000070   Code   RO         5827    i.TIM_OC3_SetConfig  stm32f4xx_hal_tim.o
    0x08007ddc   0x08007ddc   0x00000054   Code   RO         5828    i.TIM_OC4_SetConfig  stm32f4xx_hal_tim.o
    0x08007e30   0x08007e30   0x00000022   Code   RO         5830    i.TIM_TI1_ConfigInputStage  stm32f4xx_hal_tim.o
    0x08007e52   0x08007e52   0x00000024   Code   RO         5832    i.TIM_TI2_ConfigInputStage  stm32f4xx_hal_tim.o
    0x08007e76   0x08007e76   0x00000002   PAD
    0x08007e78   0x08007e78   0x000000b4   Code   RO          110    i.Trajectory_BulletModel  api_trajectory.o
    0x08007f2c   0x08007f2c   0x000000b8   Code   RO          111    i.Trajectory_Picth_Update  api_trajectory.o
    0x08007fe4   0x08007fe4   0x00000070   Code   RO          371    i.Trigger_Speed_deliver  control_task.o
    0x08008054   0x08008054   0x00000034   Code   RO          372    i.Trigger_Stall_Handle  control_task.o
    0x08008088   0x08008088   0x00000010   Code   RO         6743    i.UART_DMAAbortOnError  stm32f4xx_hal_uart.o
    0x08008098   0x08008098   0x0000004e   Code   RO         6753    i.UART_EndRxTransfer  stm32f4xx_hal_uart.o
    0x080080e6   0x080080e6   0x0000001a   Code   RO         6754    i.UART_EndTransmit_IT  stm32f4xx_hal_uart.o
    0x08008100   0x08008100   0x000000c6   Code   RO         6756    i.UART_Receive_IT   stm32f4xx_hal_uart.o
    0x080081c6   0x080081c6   0x00000002   PAD
    0x080081c8   0x080081c8   0x00000114   Code   RO         6757    i.UART_SetConfig    stm32f4xx_hal_uart.o
    0x080082dc   0x080082dc   0x0000005e   Code   RO         6760    i.UART_Transmit_IT  stm32f4xx_hal_uart.o
    0x0800833a   0x0800833a   0x00000002   PAD
    0x0800833c   0x0800833c   0x0000000c   Code   RO         1815    i.USART3_IRQHandler  stm32f4xx_it.o
    0x08008348   0x08008348   0x00000068   Code   RO          910    i.USART_RxDMA_MultiBufferStart  bsp_uart.o
    0x080083b0   0x080083b0   0x00000078   Code   RO         7766    i.USBD_CDC_DataIn   usbd_cdc.o
    0x08008428   0x08008428   0x0000003e   Code   RO         7767    i.USBD_CDC_DataOut  usbd_cdc.o
    0x08008466   0x08008466   0x00000002   PAD
    0x08008468   0x08008468   0x00000094   Code   RO         7768    i.USBD_CDC_DeInit   usbd_cdc.o
    0x080084fc   0x080084fc   0x00000038   Code   RO         7769    i.USBD_CDC_EP0_RxReady  usbd_cdc.o
    0x08008534   0x08008534   0x0000000c   Code   RO         7770    i.USBD_CDC_GetDeviceQualifierDescriptor  usbd_cdc.o
    0x08008540   0x08008540   0x0000003c   Code   RO         7771    i.USBD_CDC_GetFSCfgDesc  usbd_cdc.o
    0x0800857c   0x0800857c   0x00000040   Code   RO         7772    i.USBD_CDC_GetHSCfgDesc  usbd_cdc.o
    0x080085bc   0x080085bc   0x0000003c   Code   RO         7773    i.USBD_CDC_GetOtherSpeedCfgDesc  usbd_cdc.o
    0x080085f8   0x080085f8   0x0000015c   Code   RO         7774    i.USBD_CDC_Init     usbd_cdc.o
    0x08008754   0x08008754   0x00000040   Code   RO         7775    i.USBD_CDC_ReceivePacket  usbd_cdc.o
    0x08008794   0x08008794   0x00000018   Code   RO         7776    i.USBD_CDC_RegisterInterface  usbd_cdc.o
    0x080087ac   0x080087ac   0x0000001c   Code   RO         7777    i.USBD_CDC_SetRxBuffer  usbd_cdc.o
    0x080087c8   0x080087c8   0x00000020   Code   RO         7778    i.USBD_CDC_SetTxBuffer  usbd_cdc.o
    0x080087e8   0x080087e8   0x0000010a   Code   RO         7779    i.USBD_CDC_Setup    usbd_cdc.o
    0x080088f2   0x080088f2   0x00000002   PAD
    0x080088f4   0x080088f4   0x00000050   Code   RO         7780    i.USBD_CDC_TransmitPacket  usbd_cdc.o
    0x08008944   0x08008944   0x00000014   Code   RO         7441    i.USBD_ClrClassConfig  usbd_core.o
    0x08008958   0x08008958   0x00000026   Code   RO         7604    i.USBD_ClrFeature   usbd_ctlreq.o
    0x0800897e   0x0800897e   0x00000004   Code   RO         7442    i.USBD_CoreFindEP   usbd_core.o
    0x08008982   0x08008982   0x00000004   Code   RO         7443    i.USBD_CoreFindIF   usbd_core.o
    0x08008986   0x08008986   0x00000010   Code   RO         7706    i.USBD_CtlContinueRx  usbd_ioreq.o
    0x08008996   0x08008996   0x00000010   Code   RO         7707    i.USBD_CtlContinueSendData  usbd_ioreq.o
    0x080089a6   0x080089a6   0x00000018   Code   RO         7605    i.USBD_CtlError     usbd_ctlreq.o
    0x080089be   0x080089be   0x0000001e   Code   RO         7708    i.USBD_CtlPrepareRx  usbd_ioreq.o
    0x080089dc   0x080089dc   0x00000016   Code   RO         7709    i.USBD_CtlReceiveStatus  usbd_ioreq.o
    0x080089f2   0x080089f2   0x0000001a   Code   RO         7710    i.USBD_CtlSendData  usbd_ioreq.o
    0x08008a0c   0x08008a0c   0x00000016   Code   RO         7711    i.USBD_CtlSendStatus  usbd_ioreq.o
    0x08008a22   0x08008a22   0x00000002   PAD
    0x08008a24   0x08008a24   0x00000030   Code   RO         7101    i.USBD_FS_ConfigStrDescriptor  usbd_desc.o
    0x08008a54   0x08008a54   0x0000000c   Code   RO         7102    i.USBD_FS_DeviceDescriptor  usbd_desc.o
    0x08008a60   0x08008a60   0x00000034   Code   RO         7103    i.USBD_FS_InterfaceStrDescriptor  usbd_desc.o
    0x08008a94   0x08008a94   0x0000000c   Code   RO         7104    i.USBD_FS_LangIDStrDescriptor  usbd_desc.o
    0x08008aa0   0x08008aa0   0x00000028   Code   RO         7105    i.USBD_FS_ManufacturerStrDescriptor  usbd_desc.o
    0x08008ac8   0x08008ac8   0x0000003c   Code   RO         7106    i.USBD_FS_ProductStrDescriptor  usbd_desc.o
    0x08008b04   0x08008b04   0x00000014   Code   RO         7107    i.USBD_FS_SerialStrDescriptor  usbd_desc.o
    0x08008b18   0x08008b18   0x0000003a   Code   RO         7606    i.USBD_GetConfig    usbd_ctlreq.o
    0x08008b52   0x08008b52   0x000001b0   Code   RO         7607    i.USBD_GetDescriptor  usbd_ctlreq.o
    0x08008d02   0x08008d02   0x0000003a   Code   RO         7445    i.USBD_GetEpDesc    usbd_core.o
    0x08008d3c   0x08008d3c   0x00000014   Code   RO         7608    i.USBD_GetLen       usbd_ctlreq.o
    0x08008d50   0x08008d50   0x0000000e   Code   RO         7446    i.USBD_GetNextDesc  usbd_core.o
    0x08008d5e   0x08008d5e   0x0000003c   Code   RO         7609    i.USBD_GetStatus    usbd_ctlreq.o
    0x08008d9a   0x08008d9a   0x0000003e   Code   RO         7610    i.USBD_GetString    usbd_ctlreq.o
    0x08008dd8   0x08008dd8   0x00000024   Code   RO         7247    i.USBD_Get_USB_Status  usbd_conf.o
    0x08008dfc   0x08008dfc   0x00000028   Code   RO         7447    i.USBD_Init         usbd_core.o
    0x08008e24   0x08008e24   0x00000012   Code   RO         7248    i.USBD_LL_ClearStallEP  usbd_conf.o
    0x08008e36   0x08008e36   0x00000012   Code   RO         7249    i.USBD_LL_CloseEP   usbd_conf.o
    0x08008e48   0x08008e48   0x000000dc   Code   RO         7448    i.USBD_LL_DataInStage  usbd_core.o
    0x08008f24   0x08008f24   0x000000ca   Code   RO         7449    i.USBD_LL_DataOutStage  usbd_core.o
    0x08008fee   0x08008fee   0x00000004   Code   RO         7450    i.USBD_LL_DevConnected  usbd_core.o
    0x08008ff2   0x08008ff2   0x00000020   Code   RO         7451    i.USBD_LL_DevDisconnected  usbd_core.o
    0x08009012   0x08009012   0x00000008   Code   RO         7253    i.USBD_LL_GetRxDataSize  usbd_conf.o
    0x0800901a   0x0800901a   0x00000002   PAD
    0x0800901c   0x0800901c   0x00000060   Code   RO         7254    i.USBD_LL_Init      usbd_conf.o
    0x0800907c   0x0800907c   0x00000020   Code   RO         7255    i.USBD_LL_IsStallEP  usbd_conf.o
    0x0800909c   0x0800909c   0x0000002a   Code   RO         7452    i.USBD_LL_IsoINIncomplete  usbd_core.o
    0x080090c6   0x080090c6   0x0000002a   Code   RO         7453    i.USBD_LL_IsoOUTIncomplete  usbd_core.o
    0x080090f0   0x080090f0   0x00000018   Code   RO         7256    i.USBD_LL_OpenEP    usbd_conf.o
    0x08009108   0x08009108   0x00000012   Code   RO         7257    i.USBD_LL_PrepareReceive  usbd_conf.o
    0x0800911a   0x0800911a   0x00000060   Code   RO         7454    i.USBD_LL_Reset     usbd_core.o
    0x0800917a   0x0800917a   0x00000014   Code   RO         7455    i.USBD_LL_Resume    usbd_core.o
    0x0800918e   0x0800918e   0x0000001a   Code   RO         7456    i.USBD_LL_SOF       usbd_core.o
    0x080091a8   0x080091a8   0x00000006   Code   RO         7457    i.USBD_LL_SetSpeed  usbd_core.o
    0x080091ae   0x080091ae   0x00000012   Code   RO         7258    i.USBD_LL_SetUSBAddress  usbd_conf.o
    0x080091c0   0x080091c0   0x00000060   Code   RO         7458    i.USBD_LL_SetupStage  usbd_core.o
    0x08009220   0x08009220   0x00000012   Code   RO         7259    i.USBD_LL_StallEP   usbd_conf.o
    0x08009232   0x08009232   0x00000012   Code   RO         7260    i.USBD_LL_Start     usbd_conf.o
    0x08009244   0x08009244   0x00000010   Code   RO         7459    i.USBD_LL_Suspend   usbd_core.o
    0x08009254   0x08009254   0x00000012   Code   RO         7262    i.USBD_LL_Transmit  usbd_conf.o
    0x08009266   0x08009266   0x00000032   Code   RO         7611    i.USBD_ParseSetupRequest  usbd_ctlreq.o
    0x08009298   0x08009298   0x0000003a   Code   RO         7460    i.USBD_RegisterClass  usbd_core.o
    0x080092d2   0x080092d2   0x00000004   Code   RO         7461    i.USBD_RunTestMode  usbd_core.o
    0x080092d6   0x080092d6   0x00000058   Code   RO         7612    i.USBD_SetAddress   usbd_ctlreq.o
    0x0800932e   0x0800932e   0x00000014   Code   RO         7462    i.USBD_SetClassConfig  usbd_core.o
    0x08009342   0x08009342   0x00000002   PAD
    0x08009344   0x08009344   0x000000dc   Code   RO         7613    i.USBD_SetConfig    usbd_ctlreq.o
    0x08009420   0x08009420   0x00000024   Code   RO         7614    i.USBD_SetFeature   usbd_ctlreq.o
    0x08009444   0x08009444   0x00000004   Code   RO         7463    i.USBD_Start        usbd_core.o
    0x08009448   0x08009448   0x00000076   Code   RO         7615    i.USBD_StdDevReq    usbd_ctlreq.o
    0x080094be   0x080094be   0x00000220   Code   RO         7616    i.USBD_StdEPReq     usbd_ctlreq.o
    0x080096de   0x080096de   0x0000008e   Code   RO         7617    i.USBD_StdItfReq    usbd_ctlreq.o
    0x0800976c   0x0800976c   0x00000002   Code   RO         7263    i.USBD_static_free  usbd_conf.o
    0x0800976e   0x0800976e   0x00000002   PAD
    0x08009770   0x08009770   0x00000008   Code   RO         7264    i.USBD_static_malloc  usbd_conf.o
    0x08009778   0x08009778   0x00000084   Code   RO         3674    i.USB_ActivateEndpoint  stm32f4xx_ll_usb.o
    0x080097fc   0x080097fc   0x0000001c   Code   RO         3676    i.USB_ActivateSetup  stm32f4xx_ll_usb.o
    0x08009818   0x08009818   0x00000080   Code   RO         3678    i.USB_CoreInit      stm32f4xx_ll_usb.o
    0x08009898   0x08009898   0x00000048   Code   RO         3679    i.USB_CoreReset     stm32f4xx_ll_usb.o
    0x080098e0   0x080098e0   0x000000c8   Code   RO         3682    i.USB_DeactivateEndpoint  stm32f4xx_ll_usb.o
    0x080099a8   0x080099a8   0x0000001c   Code   RO         3683    i.USB_DevConnect    stm32f4xx_ll_usb.o
    0x080099c4   0x080099c4   0x0000001c   Code   RO         3684    i.USB_DevDisconnect  stm32f4xx_ll_usb.o
    0x080099e0   0x080099e0   0x00000170   Code   RO         3685    i.USB_DevInit       stm32f4xx_ll_usb.o
    0x08009b50   0x08009b50   0x0000000c   Code   RO         3686    i.USB_DisableGlobalInt  stm32f4xx_ll_usb.o
    0x08009b5c   0x08009b5c   0x00000118   Code   RO         3689    i.USB_EP0StartXfer  stm32f4xx_ll_usb.o
    0x08009c74   0x08009c74   0x00000054   Code   RO         3690    i.USB_EP0_OutStart  stm32f4xx_ll_usb.o
    0x08009cc8   0x08009cc8   0x00000058   Code   RO         3691    i.USB_EPClearStall  stm32f4xx_ll_usb.o
    0x08009d20   0x08009d20   0x00000058   Code   RO         3692    i.USB_EPSetStall    stm32f4xx_ll_usb.o
    0x08009d78   0x08009d78   0x000001f8   Code   RO         3693    i.USB_EPStartXfer   stm32f4xx_ll_usb.o
    0x08009f70   0x08009f70   0x000000a4   Code   RO         3694    i.USB_EPStopXfer    stm32f4xx_ll_usb.o
    0x0800a014   0x0800a014   0x0000000c   Code   RO         3695    i.USB_EnableGlobalInt  stm32f4xx_ll_usb.o
    0x0800a020   0x0800a020   0x00000044   Code   RO         3696    i.USB_FlushRxFifo   stm32f4xx_ll_usb.o
    0x0800a064   0x0800a064   0x00000048   Code   RO         3697    i.USB_FlushTxFifo   stm32f4xx_ll_usb.o
    0x0800a0ac   0x0800a0ac   0x00000020   Code   RO         3699    i.USB_GetDevSpeed   stm32f4xx_ll_usb.o
    0x0800a0cc   0x0800a0cc   0x00000008   Code   RO         3701    i.USB_GetMode       stm32f4xx_ll_usb.o
    0x0800a0d4   0x0800a0d4   0x0000000e   Code   RO         3708    i.USB_ReadDevAllInEpInterrupt  stm32f4xx_ll_usb.o
    0x0800a0e2   0x0800a0e2   0x0000000e   Code   RO         3709    i.USB_ReadDevAllOutEpInterrupt  stm32f4xx_ll_usb.o
    0x0800a0f0   0x0800a0f0   0x00000024   Code   RO         3710    i.USB_ReadDevInEPInterrupt  stm32f4xx_ll_usb.o
    0x0800a114   0x0800a114   0x00000010   Code   RO         3711    i.USB_ReadDevOutEPInterrupt  stm32f4xx_ll_usb.o
    0x0800a124   0x0800a124   0x00000008   Code   RO         3712    i.USB_ReadInterrupts  stm32f4xx_ll_usb.o
    0x0800a12c   0x0800a12c   0x0000003e   Code   RO         3713    i.USB_ReadPacket    stm32f4xx_ll_usb.o
    0x0800a16a   0x0800a16a   0x00000060   Code   RO         3715    i.USB_SetCurrentMode  stm32f4xx_ll_usb.o
    0x0800a1ca   0x0800a1ca   0x0000001e   Code   RO         3716    i.USB_SetDevAddress  stm32f4xx_ll_usb.o
    0x0800a1e8   0x0800a1e8   0x0000000e   Code   RO         3717    i.USB_SetDevSpeed   stm32f4xx_ll_usb.o
    0x0800a1f6   0x0800a1f6   0x00000002   PAD
    0x0800a1f8   0x0800a1f8   0x000000f4   Code   RO         3718    i.USB_SetTurnaroundTime  stm32f4xx_ll_usb.o
    0x0800a2ec   0x0800a2ec   0x00000028   Code   RO         3721    i.USB_WritePacket   stm32f4xx_ll_usb.o
    0x0800a314   0x0800a314   0x00000050   Code   RO          562    i.USER_CAN_TxMessage  bsp_can.o
    0x0800a364   0x0800a364   0x00000070   Code   RO          911    i.USER_USART3_RxHandler  bsp_uart.o
    0x0800a3d4   0x0800a3d4   0x00000002   Code   RO         1816    i.UsageFault_Handler  stm32f4xx_it.o
    0x0800a3d6   0x0800a3d6   0x00000028   Code   RO          866    i.User_Tim_SetCompare  bsp_tim.o
    0x0800a3fe   0x0800a3fe   0x00000002   PAD
    0x0800a400   0x0800a400   0x000001ec   Code   RO          537    i.Vision_Task       vision_task.o
    0x0800a5ec   0x0800a5ec   0x00000030   Code   RO         8504    i.__ARM_fpclassify  m_wm.l(fpclassify.o)
    0x0800a61c   0x0800a61c   0x00000026   Code   RO         8506    i.__ARM_fpclassifyf  m_wm.l(fpclassifyf.o)
    0x0800a642   0x0800a642   0x00000020   Code   RO         4786    i.__NVIC_SetPriority  stm32f4xx_hal_cortex.o
    0x0800a662   0x0800a662   0x00000002   PAD
    0x0800a664   0x0800a664   0x00000118   Code   RO         8247    i.__hardfp_acosf    m_wm.l(acosf.o)
    0x0800a77c   0x0800a77c   0x0000012c   Code   RO         8259    i.__hardfp_asinf    m_wm.l(asinf.o)
    0x0800a8a8   0x0800a8a8   0x000002d8   Code   RO         8473    i.__hardfp_atan     m_wm.l(atan.o)
    0x0800ab80   0x0800ab80   0x00000200   Code   RO         8271    i.__hardfp_atan2    m_wm.l(atan2.o)
    0x0800ad80   0x0800ad80   0x000002ac   Code   RO         8283    i.__hardfp_atan2f   m_wm.l(atan2f.o)
    0x0800b02c   0x0800b02c   0x00000004   PAD
    0x0800b030   0x0800b030   0x000000c8   Code   RO         8295    i.__hardfp_cos      m_wm.l(cos.o)
    0x0800b0f8   0x0800b0f8   0x00000358   Code   RO         8307    i.__hardfp_exp      m_wm.l(exp.o)
    0x0800b450   0x0800b450   0x00000014   Code   RO         8321    i.__hardfp_fabs     m_wm.l(fabs.o)
    0x0800b464   0x0800b464   0x00000004   PAD
    0x0800b468   0x0800b468   0x000000c8   Code   RO         8341    i.__hardfp_sin      m_wm.l(sin.o)
    0x0800b530   0x0800b530   0x00000438   Code   RO         8525    i.__ieee754_rem_pio2  m_wm.l(rred.o)
    0x0800b968   0x0800b968   0x00000170   Code   RO         8487    i.__kernel_cos      m_wm.l(cos_i.o)
    0x0800bad8   0x0800bad8   0x000000f8   Code   RO         8522    i.__kernel_poly     m_wm.l(poly.o)
    0x0800bbd0   0x0800bbd0   0x00000130   Code   RO         8530    i.__kernel_sin      m_wm.l(sin_i.o)
    0x0800bd00   0x0800bd00   0x00000014   Code   RO         8491    i.__mathlib_dbl_infnan  m_wm.l(dunder.o)
    0x0800bd14   0x0800bd14   0x00000014   Code   RO         8492    i.__mathlib_dbl_infnan2  m_wm.l(dunder.o)
    0x0800bd28   0x0800bd28   0x00000020   Code   RO         8493    i.__mathlib_dbl_invalid  m_wm.l(dunder.o)
    0x0800bd48   0x0800bd48   0x00000020   Code   RO         8494    i.__mathlib_dbl_overflow  m_wm.l(dunder.o)
    0x0800bd68   0x0800bd68   0x00000020   Code   RO         8496    i.__mathlib_dbl_underflow  m_wm.l(dunder.o)
    0x0800bd88   0x0800bd88   0x00000006   Code   RO         8509    i.__mathlib_flt_infnan  m_wm.l(funder.o)
    0x0800bd8e   0x0800bd8e   0x00000006   Code   RO         8510    i.__mathlib_flt_infnan2  m_wm.l(funder.o)
    0x0800bd94   0x0800bd94   0x00000010   Code   RO         8511    i.__mathlib_flt_invalid  m_wm.l(funder.o)
    0x0800bda4   0x0800bda4   0x00000010   Code   RO         8514    i.__mathlib_flt_underflow  m_wm.l(funder.o)
    0x0800bdb4   0x0800bdb4   0x00000010   Code   RO         8475    i.atan              m_wm.l(atan.o)
    0x0800bdc4   0x0800bdc4   0x000000c0   Code   RO         1295    i.encoder_to_anglesum  motor.o
    0x0800be84   0x0800be84   0x0000018c   Code   RO         1132    i.f_PID_Calculate   pid.o
    0x0800c010   0x0800c010   0x00000018   Code   RO         8323    i.fabs              m_wm.l(fabs.o)
    0x0800c028   0x0800c028   0x00000030   Code   RO          951    i.get_CRC16_check_sum  crc.o
    0x0800c058   0x0800c058   0x00000010   Code   RO         2860    i.inHandlerMode     cmsis_os.o
    0x0800c068   0x0800c068   0x0000003a   Code   RO         1449    i.main              main.o
    0x0800c0a2   0x0800c0a2   0x0000000c   Code   RO         2862    i.makeFreeRtosPriority  cmsis_os.o
    0x0800c0ae   0x0800c0ae   0x00000010   Code   RO         2864    i.osDelay           cmsis_os.o
    0x0800c0be   0x0800c0be   0x00000010   Code   RO         2865    i.osDelayUntil      cmsis_os.o
    0x0800c0ce   0x0800c0ce   0x0000000a   Code   RO         2867    i.osKernelStart     cmsis_os.o
    0x0800c0d8   0x0800c0d8   0x00000018   Code   RO         2868    i.osKernelSysTick   cmsis_os.o
    0x0800c0f0   0x0800c0f0   0x00000058   Code   RO         2901    i.osThreadCreate    cmsis_os.o
    0x0800c148   0x0800c148   0x00000078   Code   RO         2488    i.prvAddCurrentTaskToDelayedList  tasks.o
    0x0800c1c0   0x0800c1c0   0x00000088   Code   RO         2489    i.prvAddNewTaskToReadyList  tasks.o
    0x0800c248   0x0800c248   0x0000003c   Code   RO         2490    i.prvCheckTasksWaitingTermination  tasks.o
    0x0800c284   0x0800c284   0x00000040   Code   RO         2491    i.prvDeleteTCB      tasks.o
    0x0800c2c4   0x0800c2c4   0x0000004c   Code   RO         3241    i.prvHeapInit       heap_4.o
    0x0800c310   0x0800c310   0x00000028   Code   RO         2492    i.prvIdleTask       tasks.o
    0x0800c338   0x0800c338   0x000000ac   Code   RO         2493    i.prvInitialiseNewTask  tasks.o
    0x0800c3e4   0x0800c3e4   0x00000058   Code   RO         2494    i.prvInitialiseTaskLists  tasks.o
    0x0800c43c   0x0800c43c   0x00000054   Code   RO         3242    i.prvInsertBlockIntoFreeList  heap_4.o
    0x0800c490   0x0800c490   0x00000024   Code   RO         2495    i.prvResetNextTaskUnblockTime  tasks.o
    0x0800c4b4   0x0800c4b4   0x0000002c   Code   RO         3310    i.prvTaskExitError  port.o
    0x0800c4e0   0x0800c4e0   0x000000dc   Code   RO         3243    i.pvPortMalloc      heap_4.o
    0x0800c5bc   0x0800c5bc   0x00000024   Code   RO         3311    i.pxPortInitialiseStack  port.o
    0x0800c5e0   0x0800c5e0   0x0000003e   Code   RO         8544    i.sqrtf             m_wm.l(sqrtf_full.o)
    0x0800c61e   0x0800c61e   0x00000026   Code   RO         2107    i.uxListRemove      list.o
    0x0800c644   0x0800c644   0x00000018   Code   RO         1527    i.vApplicationGetIdleTaskMemory  freertos.o
    0x0800c65c   0x0800c65c   0x00000016   Code   RO         2108    i.vListInitialise   list.o
    0x0800c672   0x0800c672   0x00000006   Code   RO         2109    i.vListInitialiseItem  list.o
    0x0800c678   0x0800c678   0x00000030   Code   RO         2110    i.vListInsert       list.o
    0x0800c6a8   0x0800c6a8   0x00000018   Code   RO         2111    i.vListInsertEnd    list.o
    0x0800c6c0   0x0800c6c0   0x00000040   Code   RO         3313    i.vPortEnterCritical  port.o
    0x0800c700   0x0800c700   0x0000002c   Code   RO         3314    i.vPortExitCritical  port.o
    0x0800c72c   0x0800c72c   0x00000064   Code   RO         3244    i.vPortFree         heap_4.o
    0x0800c790   0x0800c790   0x00000024   Code   RO         3315    i.vPortSetupTimerInterrupt  port.o
    0x0800c7b4   0x0800c7b4   0x00000054   Code   RO         3316    i.vPortValidateInterruptPriority  port.o
    0x0800c808   0x0800c808   0x00000050   Code   RO         2508    i.vTaskDelay        tasks.o
    0x0800c858   0x0800c858   0x00000098   Code   RO         2509    i.vTaskDelayUntil   tasks.o
    0x0800c8f0   0x0800c8f0   0x00000088   Code   RO         2522    i.vTaskStartScheduler  tasks.o
    0x0800c978   0x0800c978   0x00000010   Code   RO         2524    i.vTaskSuspendAll   tasks.o
    0x0800c988   0x0800c988   0x00000060   Code   RO         2525    i.vTaskSwitchContext  tasks.o
    0x0800c9e8   0x0800c9e8   0x00000040   Code   RO          953    i.verify_CRC16_check_sum  crc.o
    0x0800ca28   0x0800ca28   0x000000f4   Code   RO         3317    i.xPortStartScheduler  port.o
    0x0800cb1c   0x0800cb1c   0x00000064   Code   RO         2529    i.xTaskCreate       tasks.o
    0x0800cb80   0x0800cb80   0x0000005c   Code   RO         2530    i.xTaskCreateStatic  tasks.o
    0x0800cbdc   0x0800cbdc   0x0000000c   Code   RO         2536    i.xTaskGetTickCount  tasks.o
    0x0800cbe8   0x0800cbe8   0x00000010   Code   RO         2537    i.xTaskGetTickCountFromISR  tasks.o
    0x0800cbf8   0x0800cbf8   0x000000d0   Code   RO         2538    i.xTaskIncrementTick  tasks.o
    0x0800ccc8   0x0800ccc8   0x000000cc   Code   RO         2544    i.xTaskResumeAll    tasks.o
    0x0800cd94   0x0800cd94   0x00000018   Code   RO         8440    x$fpl$basic         g_wm.l(basic.o)
    0x0800cdac   0x0800cdac   0x000002c4   Code   RO         8223    x$fpl$d2f           g_wm.l(d2f_clz.o)
    0x0800d070   0x0800d070   0x0000024c   Code   RO         8225    x$fpl$dadd          g_wm.l(daddsub_clz.o)
    0x0800d2bc   0x0800d2bc   0x00000018   Code   RO         8442    x$fpl$dcmpinf       g_wm.l(dcmpi.o)
    0x0800d2d4   0x0800d2d4   0x0000037c   Code   RO         8232    x$fpl$ddiv          g_wm.l(ddiv_clz.o)
    0x0800d650   0x0800d650   0x00000074   Code   RO         8444    x$fpl$deqf          g_wm.l(deqf.o)
    0x0800d6c4   0x0800d6c4   0x000000c8   Code   RO         8446    x$fpl$dfix          g_wm.l(dfix.o)
    0x0800d78c   0x0800d78c   0x0000002e   Code   RO         8236    x$fpl$dflt          g_wm.l(dflt_clz.o)
    0x0800d7ba   0x0800d7ba   0x0000001a   Code   RO         8237    x$fpl$dfltn         g_wm.l(dflt_clz.o)
    0x0800d7d4   0x0800d7d4   0x00000026   Code   RO         8235    x$fpl$dfltu         g_wm.l(dflt_clz.o)
    0x0800d7fa   0x0800d7fa   0x00000002   PAD
    0x0800d7fc   0x0800d7fc   0x00000078   Code   RO         8241    x$fpl$dleqf         g_wm.l(dleqf.o)
    0x0800d874   0x0800d874   0x000001c0   Code   RO         8243    x$fpl$dmul          g_wm.l(dmul_clz.o)
    0x0800da34   0x0800da34   0x00000102   Code   RO         8450    x$fpl$dnaninf       g_wm.l(dnaninf.o)
    0x0800db36   0x0800db36   0x00000070   Code   RO         8452    x$fpl$drenorm       g_wm.l(drenorm_clz.o)
    0x0800dba6   0x0800dba6   0x0000000c   Code   RO         8454    x$fpl$dretinf       g_wm.l(dretinf.o)
    0x0800dbb2   0x0800dbb2   0x00000062   Code   RO         8456    x$fpl$drleqf        g_wm.l(drleqf.o)
    0x0800dc14   0x0800dc14   0x00000050   Code   RO         8226    x$fpl$drsb          g_wm.l(daddsub_clz.o)
    0x0800dc64   0x0800dc64   0x0000029c   Code   RO         8227    x$fpl$dsub          g_wm.l(daddsub_clz.o)
    0x0800df00   0x0800df00   0x0000017a   Code   RO         8458    x$fpl$dunder        g_wm.l(dunder_clz.o)
    0x0800e07a   0x0800e07a   0x00000002   PAD
    0x0800e07c   0x0800e07c   0x000001ec   Code   RO         8460    x$fpl$exception     g_wm.l(except.o)
    0x0800e268   0x0800e268   0x0000007a   Code   RO         8245    x$fpl$f2d           g_wm.l(f2d.o)
    0x0800e2e2   0x0800e2e2   0x000000f2   Code   RO         8462    x$fpl$fnaninf       g_wm.l(fnaninf.o)
    0x0800e3d4   0x0800e3d4   0x0000000a   Code   RO         8610    x$fpl$fpinit        g_wm.l(fpinit.o)
    0x0800e3de   0x0800e3de   0x0000000a   Code   RO         8464    x$fpl$fretinf       g_wm.l(fretinf.o)
    0x0800e3e8   0x0800e3e8   0x0000013c   Code   RO         8466    x$fpl$funder        g_wm.l(funder_clz.o)
    0x0800e524   0x0800e524   0x000000b2   Code   RO         8612    x$fpl$retnan        g_wm.l(retnan.o)
    0x0800e5d6   0x0800e5d6   0x0000007e   Code   RO         8470    x$fpl$trapveneer    g_wm.l(trapv.o)
    0x0800e654   0x0800e654   0x00000000   Code   RO         8472    x$fpl$usenofp       g_wm.l(usenofp.o)
    0x0800e654   0x0800e654   0x00000300   Data   RO          956    .constdata          crc.o
    0x0800e954   0x0800e954   0x0000008c   Data   RO         1529    .constdata          freertos.o
    0x0800e9e0   0x0800e9e0   0x00000010   Data   RO         1976    .constdata          system_stm32f4xx.o
    0x0800e9f0   0x0800e9f0   0x00000008   Data   RO         1977    .constdata          system_stm32f4xx.o
    0x0800e9f8   0x0800e9f8   0x00000008   Data   RO         4503    .constdata          stm32f4xx_hal_dma.o
    0x0800ea00   0x0800ea00   0x00000804   Data   RO         8122    .constdata          arm_cortexM4lf_math.lib(arm_common_tables.o)
    0x0800f204   0x0800f204   0x00000004   PAD
    0x0800f208   0x0800f208   0x00000058   Data   RO         8310    .constdata          m_wm.l(exp.o)
    0x0800f260   0x0800f260   0x00000098   Data   RO         8476    .constdata          m_wm.l(atan.o)
    0x0800f2f8   0x0800f2f8   0x00000030   Data   RO         8488    .constdata          m_wm.l(cos_i.o)
    0x0800f328   0x0800f328   0x00000008   Data   RO         8524    .constdata          m_wm.l(qnan.o)
    0x0800f330   0x0800f330   0x000000c8   Data   RO         8527    .constdata          m_wm.l(rred.o)
    0x0800f3f8   0x0800f3f8   0x00000028   Data   RO         8531    .constdata          m_wm.l(sin_i.o)
    0x0800f420   0x0800f420   0x00000050   Data   RO         1530    .conststring        freertos.o
    0x0800f470   0x0800f470   0x00000020   Data   RO         8703    Region$$Table       anon$$obj.o


    Execution Region RW_IRAM1 (Exec base: 0x20000000, Load base: 0x0800f490, Size: 0x0000d0e0, Max: 0x0001c000, ABSOLUTE, COMPRESSED[0x000001c4])

    Exec Addr    Load Addr    Size         Type   Attr      Idx    E Section Name        Object

    0x20000000   COMPRESSED   0x00000001   Data   RW          161    .data               can_task.o
    0x20000001   COMPRESSED   0x00000003   PAD
    0x20000004   COMPRESSED   0x0000010c   Data   RW          374    .data               control_task.o
    0x20000110   COMPRESSED   0x00000002   Data   RW          457    .data               detect_task.o
    0x20000112   COMPRESSED   0x00000002   PAD
    0x20000114   COMPRESSED   0x00000144   Data   RW          487    .data               ins_task.o
    0x20000258   COMPRESSED   0x000000a0   Data   RW          538    .data               vision_task.o
    0x200002f8   COMPRESSED   0x0000003c   Data   RW          564    .data               bsp_can.o
    0x20000334   COMPRESSED   0x00000002   Data   RW          957    .data               crc.o
    0x20000336   COMPRESSED   0x00000002   PAD
    0x20000338   COMPRESSED   0x0000002c   Data   RW         1174    .data               bmi088.o
    0x20000364   COMPRESSED   0x0000003c   Data   RW         1226    .data               minipc.o
    0x200003a0   COMPRESSED   0x0000001c   Data   RW         1227    .data               minipc.o
    0x200003bc   COMPRESSED   0x000000c8   Data   RW         1297    .data               motor.o
    0x20000484   COMPRESSED   0x0000001a   Data   RW         1397    .data               remote_control.o
    0x2000049e   COMPRESSED   0x00000002   PAD
    0x200004a0   COMPRESSED   0x00000014   Data   RW         1531    .data               freertos.o
    0x200004b4   COMPRESSED   0x00000004   Data   RW         1592    .data               can.o
    0x200004b8   COMPRESSED   0x00000004   Data   RW         1978    .data               system_stm32f4xx.o
    0x200004bc   COMPRESSED   0x0000003c   Data   RW         2547    .data               tasks.o
    0x200004f8   COMPRESSED   0x00000020   Data   RW         3250    .data               heap_4.o
    0x20000518   COMPRESSED   0x0000000c   Data   RW         3318    .data               port.o
    0x20000524   COMPRESSED   0x0000000c   Data   RW         4930    .data               stm32f4xx_hal.o
    0x20000530   COMPRESSED   0x0000001c   Data   RW         7109    .data               usbd_desc.o
    0x2000054c   COMPRESSED   0x00000032   Data   RW         7110    .data               usbd_desc.o
    0x2000057e   COMPRESSED   0x00000002   PAD
    0x20000580   COMPRESSED   0x00000014   Data   RW         7184    .data               usbd_cdc_if.o
    0x20000594   COMPRESSED   0x00000001   Data   RW         7618    .data               usbd_ctlreq.o
    0x20000595   COMPRESSED   0x00000003   PAD
    0x20000598   COMPRESSED   0x00000053   Data   RW         7781    .data               usbd_cdc.o
    0x200005eb   COMPRESSED   0x00000001   PAD
    0x200005ec   COMPRESSED   0x00000038   Data   RW         7782    .data               usbd_cdc.o
    0x20000624        -       0x00000020   Zero   RW          160    .bss                can_task.o
    0x20000644        -       0x00000280   Zero   RW          373    .bss                control_task.o
    0x200008c4        -       0x0000029c   Zero   RW          486    .bss                ins_task.o
    0x20000b60        -       0x0000001c   Zero   RW          563    .bss                bsp_can.o
    0x20000b7c        -       0x0000003c   Zero   RW         1173    .bss                bmi088.o
    0x20000bb8        -       0x0000001c   Zero   RW         1225    .bss                minipc.o
    0x20000bd4        -       0x0000003b   Zero   RW         1354    .bss                referee_info.o
    0x20000c0f        -       0x00000048   Zero   RW         1395    .bss                remote_control.o
    0x20000c57   COMPRESSED   0x00000001   PAD
    0x20000c58        -       0x0000006c   Zero   RW         1396    .bss                remote_control.o
    0x20000cc4        -       0x00000454   Zero   RW         1528    .bss                freertos.o
    0x20001118        -       0x00000050   Zero   RW         1591    .bss                can.o
    0x20001168        -       0x00000058   Zero   RW         1663    .bss                spi.o
    0x200011c0        -       0x000000d8   Zero   RW         1708    .bss                tim.o
    0x20001298        -       0x000000a4   Zero   RW         1765    .bss                usart.o
    0x2000133c        -       0x00000048   Zero   RW         1931    .bss                stm32f4xx_hal_timebase_tim.o
    0x20001384        -       0x000000f0   Zero   RW         2546    .bss                tasks.o
    0x20001474        -       0x00006000   Zero   RW         3249    .bss                heap_4.o
    0x20007474        -       0x000002dc   Zero   RW         7069    .bss                usb_device.o
    0x20007750        -       0x00000200   Zero   RW         7108    .bss                usbd_desc.o
    0x20007950        -       0x00001000   Zero   RW         7183    .bss                usbd_cdc_if.o
    0x20008950        -       0x0000072c   Zero   RW         7265    .bss                usbd_conf.o
    0x2000907c        -       0x00000060   Zero   RW         8563    .bss                c_w.l(libspace.o)
    0x200090dc   COMPRESSED   0x00000004   PAD
    0x200090e0        -       0x00002000   Zero   RW         1965    HEAP                startup_stm32f407xx.o
    0x2000b0e0        -       0x00002000   Zero   RW         1964    STACK               startup_stm32f407xx.o


    Execution Region RW_IRAM2 (Exec base: 0x2001c000, Load base: 0x0800f654, Size: 0x00000000, Max: 0x00004000, ABSOLUTE)

    **** No section assigned to this execution region ****


==============================================================================

Image component sizes


      Code (inc. data)   RO Data    RW Data    ZI Data      Debug   Object Name

      2726         84          0          0          0      28348   api_quaternion.o
      1984         58          0          0          0      20614   api_trajectory.o
      1020         34          0         44         60       9021   bmi088.o
       356         54          0         60         28       3972   bsp_can.o
        96         34          0          0          0       2747   bsp_gpio.o
        26          0          0          0          0       6295   bsp_mcu.o
        36          4          0          0          0        577   bsp_spi.o
        70          0          0          0          0       1618   bsp_tick.o
       112         22          0          0          0       2372   bsp_tim.o
       308         22          0          0          0       2878   bsp_uart.o
       400         46          0          4         80       2534   can.o
       416         50          0          1         32     747530   can_task.o
       182          0          0          0          0      30016   cmsis_os.o
      2008        174          0        268        640      10105   control_task.o
       112          8        768          2          0       2332   crc.o
       108         18          0          2          0        886   detect_task.o
        44          4          0          0          0        778   dma.o
         0          0          0          0          0      15148   event_groups.o
       152         16        220         20       1108       2433   freertos.o
       288         22          0          0          0       1131   gpio.o
       480         26          0         32      24576       7567   heap_4.o
       560         74          0        324        668       7013   ins_task.o
      1712          0          0          0          0       5656   kalman.o
       138          0          0          0          0       3586   list.o
       112          6          0          0          0       3036   lpf.o
       228         10          0          0          0       2736   main.o
       112          8          0         88         28       4859   minipc.o
       396         18          0        200          0       4152   motor.o
       594         18          0          0          0       8318   pid.o
       786         84          0         12          0      11989   port.o
       344          8          0          0         59       8414   referee_info.o
       584         54          0         26        180       7492   remote_control.o
       216         26          0          0         88       1765   spi.o
        64         26        392          0      16384        816   startup_stm32f407xx.o
       116         18          0         12          0       8742   stm32f4xx_hal.o
      1770          6          0          0          0      14723   stm32f4xx_hal_can.o
       158         14          0          0          0      33254   stm32f4xx_hal_cortex.o
      1018         14          8          0          0       5847   stm32f4xx_hal_dma.o
       504         50          0          0          0       3520   stm32f4xx_hal_gpio.o
        56          4          0          0          0        862   stm32f4xx_hal_msp.o
      2624         14          0          0          0      14384   stm32f4xx_hal_pcd.o
        76          0          0          0          0       2517   stm32f4xx_hal_pcd_ex.o
      1578         96          0          0          0       8668   stm32f4xx_hal_rcc.o
       954         14          0          0          0       4757   stm32f4xx_hal_spi.o
      2084        140          0          0          0      17016   stm32f4xx_hal_tim.o
       232         30          0          0          0       3389   stm32f4xx_hal_tim_ex.o
       152         18          0          0         72       1563   stm32f4xx_hal_timebase_tim.o
      1346         16          0          0          0       9075   stm32f4xx_hal_uart.o
        94         36          0          0          0       6134   stm32f4xx_it.o
      2970        138          0          0          0      24631   stm32f4xx_ll_usb.o
        16          4         24          4          0       1139   system_stm32f4xx.o
      1828        140          0         60        240      23338   tasks.o
       744         72          0          0        216       4084   tim.o
       240         36          0          0        164       1817   usart.o
       128         22          0          0        732        876   usb_device.o
      1424         40          0        139          0      14701   usbd_cdc.o
       128         20          0         20       4096       4212   usbd_cdc_if.o
       658         22          0          0       1836      17008   usbd_conf.o
      1028          0          0          0          0      16457   usbd_core.o
      1902         30          0          1          0      18164   usbd_ctlreq.o
       358        112          0         78        512       6953   usbd_desc.o
       132          0          0          0          0       4548   usbd_ioreq.o
       492         38          0        160          0       1560   vision_task.o

    ----------------------------------------------------------------------
     41660       2152       1444       1572      51800    1242673   Object Totals
         0          0         32          0          0          0   (incl. Generated)
        80          0          0         15          1          0   (incl. Padding)

    ----------------------------------------------------------------------

      Code (inc. data)   RO Data    RW Data    ZI Data      Debug   Library Member Name

         0          0       2052          0          0       4704   arm_common_tables.o
       264          0          0          0          0       1826   arm_mat_add_f32.o
         8          0          0          0          0        999   arm_mat_init_f32.o
      1328          4          0          0          0       4782   arm_mat_inverse_f32.o
       316          4          0          0          0       2375   arm_mat_mult_f32.o
       264          0          0          0          0       1826   arm_mat_sub_f32.o
       276          0          0          0          0       2240   arm_mat_trans_f32.o
       148         18          0          0          0      17238   arm_sin_f32.o
        90          0          0          0          0          0   __dczerorl2.o
         8          0          0          0          0         68   __main.o
         0          0          0          0          0          0   __rtentry.o
        12          0          0          0          0          0   __rtentry2.o
         6          0          0          0          0          0   __rtentry4.o
        52          8          0          0          0          0   __scatter.o
        28          0          0          0          0          0   __scatter_zi.o
        48          4          0          0          0         84   _fptrap.o
        22          0          0          0          0        100   _rserrno.o
        16          0          0          0          0         68   aeabi_memset.o
        10          0          0          0          0         68   defsig_exit.o
       172        110          0          0          0         76   defsig_fpe_inner.o
        14          0          0          0          0         80   defsig_fpe_outer.o
        50          0          0          0          0         88   defsig_general.o
        80         58          0          0          0         76   defsig_rtmem_inner.o
        14          0          0          0          0         80   defsig_rtmem_outer.o
        18          0          0          0          0         80   exit.o
        94          0          0          0          0         80   h1_alloc.o
        52          0          0          0          0         68   h1_extend.o
        78          0          0          0          0         80   h1_free.o
        14          0          0          0          0         84   h1_init.o
         6          0          0          0          0        152   heapauxi.o
         4          0          0          0          0        136   hguard.o
         0          0          0          0          0          0   indicate_semi.o
       138          0          0          0          0        168   init_alloc.o
         2          0          0          0          0          0   libinit.o
        14          0          0          0          0          0   libinit2.o
         2          0          0          0          0          0   libshutdown.o
         2          0          0          0          0          0   libshutdown2.o
         8          4          0          0         96         68   libspace.o
       238          0          0          0          0        100   lludivv7m.o
         0          0          0          0          0          0   maybetermalloc1.o
         8          4          0          0          0         68   rt_errno_addr_intlibspace.o
         8          4          0          0          0         68   rt_heap_descriptor_intlibspace.o
        68          0          0          0          0         68   rt_memclr.o
        78          0          0          0          0         80   rt_memclr_w.o
       138          0          0          0          0         68   rt_memcpy_v6.o
       100          0          0          0          0         80   rt_memcpy_w.o
         2          0          0          0          0          0   rtexit.o
        10          0          0          0          0          0   rtexit2.o
        12          4          0          0          0         68   sys_exit.o
        74          0          0          0          0         80   sys_stackheap_outer.o
        14          0          0          0          0         76   sys_wrch.o
         2          0          0          0          0         68   use_no_semi.o
        24          0          0          0          0        164   basic.o
       708         16          0          0          0        140   d2f_clz.o
      1336         32          0          0          0        532   daddsub_clz.o
        24          0          0          0          0        116   dcmpi.o
       892        152          0          0          0        292   ddiv_clz.o
       116          8          0          0          0        140   deqf.o
       200         16          0          0          0        184   dfix.o
       110          0          0          0          0        348   dflt_clz.o
       120          8          0          0          0        140   dleqf.o
       448         16          0          0          0        164   dmul_clz.o
       258          4          0          0          0        156   dnaninf.o
       112          0          0          0          0        160   drenorm_clz.o
        12          0          0          0          0        116   dretinf.o
        98          0          0          0          0        128   drleqf.o
       378          0          0          0          0        168   dunder_clz.o
       492         36          0          0          0        148   except.o
       122          8          0          0          0        132   f2d.o
       242          4          0          0          0        144   fnaninf.o
        10          0          0          0          0        116   fpinit.o
        10          0          0          0          0        116   fretinf.o
       316          0          0          0          0        132   funder_clz.o
       178          0          0          0          0        116   retnan.o
       126          0          0          0          0        148   trapv.o
         0          0          0          0          0          0   usenofp.o
       280         46          0          0          0        176   acosf.o
       300         42          0          0          0        176   asinf.o
       744        106        152          0          0        352   atan.o
       512         64          0          0          0        208   atan2.o
       684         90          0          0          0        208   atan2f.o
       200         20          0          0          0        164   cos.o
       368         46         48          0          0        200   cos_i.o
       136         24          0          0          0        620   dunder.o
       856        142         88          0          0        288   exp.o
        44          0          0          0          0        248   fabs.o
        48          0          0          0          0        124   fpclassify.o
        38          0          0          0          0        116   fpclassifyf.o
        44         12          0          0          0        464   funder.o
       248          0          0          0          0        152   poly.o
         0          0          8          0          0          0   qnan.o
      1080        142        200          0          0        188   rred.o
       200         20          0          0          0        164   sin.o
       304         24         40          0          0        208   sin_i.o
        62          0          0          0          0        136   sqrtf_full.o

    ----------------------------------------------------------------------
     16912       1304       2592          0        100      46710   Library Totals
        22          4          4          0          4          0   (incl. Padding)

    ----------------------------------------------------------------------

      Code (inc. data)   RO Data    RW Data    ZI Data      Debug   Library Name

      2604         26       2052          0          0      35990   arm_cortexM4lf_math.lib
      1806        196          0          0         96       2528   c_w.l
      6332        300          0          0          0       4000   g_wm.l
      6148        778        536          0          0       4192   m_wm.l

    ----------------------------------------------------------------------
     16912       1304       2592          0        100      46710   Library Totals

    ----------------------------------------------------------------------

==============================================================================


      Code (inc. data)   RO Data    RW Data    ZI Data      Debug   

     58572       3456       4036       1572      51900    1242479   Grand Totals
     58572       3456       4036        452      51900    1242479   ELF Image Totals (compressed)
     58572       3456       4036        452          0          0   ROM Totals

==============================================================================

    Total RO  Size (Code + RO Data)                62608 (  61.14kB)
    Total RW  Size (RW Data + ZI Data)             53472 (  52.22kB)
    Total ROM Size (Code + RO Data + RW Data)      63060 (  61.58kB)

==============================================================================

